Component: ARM Compiler 5.06 update 7 (build 960) Tool: armlink [4d3601]

==============================================================================

Section Cross References

    startup_stm32l476xx.o(RESET) refers to startup_stm32l476xx.o(STACK) for __initial_sp
    startup_stm32l476xx.o(RESET) refers to startup_stm32l476xx.o(.text) for Reset_Handler
    startup_stm32l476xx.o(RESET) refers to smtc_hal_mcu.o(i.HardFault_Handler) for HardFault_Handler
    startup_stm32l476xx.o(RESET) refers to smtc_hal_mcu.o(i.SysTick_Handler) for SysTick_Handler
    startup_stm32l476xx.o(RESET) refers to smtc_hal_mcu.o(i.PVD_PVM_IRQHandler) for PVD_PVM_IRQHandler
    startup_stm32l476xx.o(RESET) refers to smtc_hal_rtc.o(i.RTC_WKUP_IRQHandler) for RTC_WKUP_IRQHandler
    startup_stm32l476xx.o(RESET) refers to smtc_hal_gpio.o(i.EXTI0_IRQHandler) for EXTI0_IRQHandler
    startup_stm32l476xx.o(RESET) refers to smtc_hal_gpio.o(i.EXTI1_IRQHandler) for EXTI1_IRQHandler
    startup_stm32l476xx.o(RESET) refers to smtc_hal_gpio.o(i.EXTI2_IRQHandler) for EXTI2_IRQHandler
    startup_stm32l476xx.o(RESET) refers to smtc_hal_gpio.o(i.EXTI3_IRQHandler) for EXTI3_IRQHandler
    startup_stm32l476xx.o(RESET) refers to smtc_hal_gpio.o(i.EXTI4_IRQHandler) for EXTI4_IRQHandler
    startup_stm32l476xx.o(RESET) refers to smtc_hal_gpio.o(i.EXTI9_5_IRQHandler) for EXTI9_5_IRQHandler
    startup_stm32l476xx.o(RESET) refers to smtc_hal_uart.o(i.USART1_IRQHandler) for USART1_IRQHandler
    startup_stm32l476xx.o(RESET) refers to smtc_hal_uart.o(i.USART2_IRQHandler) for USART2_IRQHandler
    startup_stm32l476xx.o(RESET) refers to smtc_hal_uart.o(i.USART3_IRQHandler) for USART3_IRQHandler
    startup_stm32l476xx.o(RESET) refers to smtc_hal_gpio.o(i.EXTI15_10_IRQHandler) for EXTI15_10_IRQHandler
    startup_stm32l476xx.o(RESET) refers to smtc_hal_rtc.o(i.RTC_Alarm_IRQHandler) for RTC_Alarm_IRQHandler
    startup_stm32l476xx.o(RESET) refers to smtc_hal_tmr.o(i.LPTIM1_IRQHandler) for LPTIM1_IRQHandler
    startup_stm32l476xx.o(.text) refers to system_stm32l4xx.o(i.SystemInit) for SystemInit
    startup_stm32l476xx.o(.text) refers to entry.o(.ARM.Collect$$$$00000000) for __main
    main_tracker.o(i._Error_Handler) refers to smtc_hal_mcu.o(i.hal_mcu_trace_print) for hal_mcu_trace_print
    main_tracker.o(i._Error_Handler) refers to smtc_hal_mcu.o(i.hal_mcu_reset) for hal_mcu_reset
    main_tracker.o(i._Error_Handler) refers to main_tracker.o(.constdata) for __FUNCTION__
    main_tracker.o(i.add_payload_in_streaming_fifo) refers to lr1110_modem_lorawan.o(i.lr1110_modem_stream_status) for lr1110_modem_stream_status
    main_tracker.o(i.add_payload_in_streaming_fifo) refers to smtc_hal_mcu.o(i.hal_mcu_trace_print) for hal_mcu_trace_print
    main_tracker.o(i.add_payload_in_streaming_fifo) refers to lr1110_modem_lorawan.o(i.lr1110_modem_send_stream_data) for lr1110_modem_send_stream_data
    main_tracker.o(i.add_payload_in_streaming_fifo) refers to smtc_hal_mcu.o(.bss) for lr1110
    main_tracker.o(i.add_payload_in_streaming_fifo) refers to tracker_utility.o(.bss) for tracker_ctx
    main_tracker.o(i.build_and_stream_payload) refers to smtc_hal_mcu.o(i.hal_mcu_trace_print) for hal_mcu_trace_print
    main_tracker.o(i.build_and_stream_payload) refers to memcpya.o(.text) for __aeabi_memcpy
    main_tracker.o(i.build_and_stream_payload) refers to main_tracker.o(i.add_payload_in_streaming_fifo) for add_payload_in_streaming_fifo
    main_tracker.o(i.build_and_stream_payload) refers to tracker_utility.o(.bss) for tracker_ctx
    main_tracker.o(i.gnss_init) refers to lr1110_modem_gnss.o(i.lr1110_modem_gnss_set_assistance_position) for lr1110_modem_gnss_set_assistance_position
    main_tracker.o(i.gnss_init) refers to tracker_utility.o(.bss) for tracker_ctx
    main_tracker.o(i.gnss_init) refers to smtc_hal_mcu.o(.bss) for lr1110
    main_tracker.o(i.is_next_scan_possible) refers to tracker_utility.o(.bss) for tracker_ctx
    main_tracker.o(i.is_tracker_in_static_mode) refers to tracker_utility.o(.bss) for tracker_ctx
    main_tracker.o(i.join_network) refers to lr1110_modem_lorawan.o(i.lr1110_modem_join) for lr1110_modem_join
    main_tracker.o(i.join_network) refers to smtc_hal_mcu.o(i.hal_mcu_trace_print) for hal_mcu_trace_print
    main_tracker.o(i.join_network) refers to smtc_hal_mcu.o(.bss) for lr1110
    main_tracker.o(i.lorawan_init) refers to lr1110_modem_lorawan.o(i.lr1110_modem_set_class) for lr1110_modem_set_class
    main_tracker.o(i.lorawan_init) refers to smtc_hal_mcu.o(i.hal_mcu_trace_print) for hal_mcu_trace_print
    main_tracker.o(i.lorawan_init) refers to lr1110_modem_lorawan.o(i.lr1110_modem_set_region) for lr1110_modem_set_region
    main_tracker.o(i.lorawan_init) refers to lr1110_modem_lorawan.o(i.lr1110_modem_activate_duty_cycle) for lr1110_modem_activate_duty_cycle
    main_tracker.o(i.lorawan_init) refers to lr1110_modem_lorawan.o(i.lr1110_modem_set_dm_info_field) for lr1110_modem_set_dm_info_field
[...]
    __scatterload_rt2                        0x08000831   Thumb Code     0  init.o(.text)
    __aeabi_lasr                             0x08000855   Thumb Code    36  llsshr.o(.text)
    _ll_sshift_r                             0x08000855   Thumb Code     0  llsshr.o(.text)
    __decompress                             0x08000879   Thumb Code     0  __dczerorl2.o(.text)
    __decompress1                            0x08000879   Thumb Code    86  __dczerorl2.o(.text)
    EXTI0_IRQHandler                         0x080008cf   Thumb Code    10  smtc_hal_gpio.o(i.EXTI0_IRQHandler)
    EXTI15_10_IRQHandler                     0x080008d9   Thumb Code    52  smtc_hal_gpio.o(i.EXTI15_10_IRQHandler)
    EXTI1_IRQHandler                         0x0800090d   Thumb Code    10  smtc_hal_gpio.o(i.EXTI1_IRQHandler)
    EXTI2_IRQHandler                         0x08000917   Thumb Code    10  smtc_hal_gpio.o(i.EXTI2_IRQHandler)
    EXTI3_IRQHandler                         0x08000921   Thumb Code    10  smtc_hal_gpio.o(i.EXTI3_IRQHandler)
    EXTI4_IRQHandler                         0x0800092b   Thumb Code    10  smtc_hal_gpio.o(i.EXTI4_IRQHandler)
    EXTI9_5_IRQHandler                       0x08000935   Thumb Code    38  smtc_hal_gpio.o(i.EXTI9_5_IRQHandler)
    HAL_DBGMCU_DisableDBGSleepMode           0x0800095d   Thumb Code    14  stm32l4xx_hal.o(i.HAL_DBGMCU_DisableDBGSleepMode)
    HAL_DBGMCU_DisableDBGStandbyMode         0x08000971   Thumb Code    14  stm32l4xx_hal.o(i.HAL_DBGMCU_DisableDBGStandbyMode)
    HAL_DBGMCU_DisableDBGStopMode            0x08000985   Thumb Code    14  stm32l4xx_hal.o(i.HAL_DBGMCU_DisableDBGStopMode)
    HAL_DMA_Abort_IT                         0x08000999   Thumb Code    92  stm32l4xx_hal_dma.o(i.HAL_DMA_Abort_IT)
    HAL_Delay                                0x080009f5   Thumb Code    36  stm32l4xx_hal.o(i.HAL_Delay)
    HAL_GPIO_DeInit                          0x08000a1d   Thumb Code   292  stm32l4xx_hal_gpio.o(i.HAL_GPIO_DeInit)
    HAL_GPIO_EXTI_Callback                   0x08000b61   Thumb Code    60  smtc_hal_gpio.o(i.HAL_GPIO_EXTI_Callback)
    HAL_GPIO_EXTI_IRQHandler                 0x08000ba1   Thumb Code    24  stm32l4xx_hal_gpio.o(i.HAL_GPIO_EXTI_IRQHandler)
    HAL_GPIO_Init                            0x08000bbd   Thumb Code   480  stm32l4xx_hal_gpio.o(i.HAL_GPIO_Init)
    HAL_GPIO_ReadPin                         0x08000dc1   Thumb Code    16  stm32l4xx_hal_gpio.o(i.HAL_GPIO_ReadPin)
    HAL_GPIO_WritePin                        0x08000dd1   Thumb Code    10  stm32l4xx_hal_gpio.o(i.HAL_GPIO_WritePin)
    HAL_GetTick                              0x08000ddd   Thumb Code     6  stm32l4xx_hal.o(i.HAL_GetTick)
    HAL_I2CEx_ConfigAnalogFilter             0x08000de9   Thumb Code   106  stm32l4xx_hal_i2c_ex.o(i.HAL_I2CEx_ConfigAnalogFilter)
    HAL_I2CEx_ConfigDigitalFilter            0x08000e53   Thumb Code   104  stm32l4xx_hal_i2c_ex.o(i.HAL_I2CEx_ConfigDigitalFilter)
    HAL_I2C_DeInit                           0x08000ebb   Thumb Code    60  stm32l4xx_hal_i2c.o(i.HAL_I2C_DeInit)
    HAL_I2C_Init                             0x08000ef9   Thumb Code   192  stm32l4xx_hal_i2c.o(i.HAL_I2C_Init)
    HAL_I2C_Mem_Read                         0x08000fbd   Thumb Code   408  stm32l4xx_hal_i2c.o(i.HAL_I2C_Mem_Read)
    HAL_I2C_Mem_Write                        0x08001165   Thumb Code   402  stm32l4xx_hal_i2c.o(i.HAL_I2C_Mem_Write)
    HAL_I2C_MspDeInit                        0x08001305   Thumb Code   196  smtc_hal_i2c.o(i.HAL_I2C_MspDeInit)
    HAL_I2C_MspInit                          0x080013d1   Thumb Code   344  smtc_hal_i2c.o(i.HAL_I2C_MspInit)
    HAL_IncTick                              0x08001535   Thumb Code    16  stm32l4xx_hal.o(i.HAL_IncTick)
    HAL_Init                                 0x0800154d   Thumb Code    30  stm32l4xx_hal.o(i.HAL_Init)
    HAL_InitTick                             0x0800156d   Thumb Code    74  stm32l4xx_hal.o(i.HAL_InitTick)
    HAL_LPTIM_AutoReloadMatchCallback        0x080015c5   Thumb Code     2  stm32l4xx_hal_lptim.o(i.HAL_LPTIM_AutoReloadMatchCallback)
    HAL_LPTIM_AutoReloadWriteCallback        0x080015c7   Thumb Code     2  stm32l4xx_hal_lptim.o(i.HAL_LPTIM_AutoReloadWriteCallback)
    HAL_LPTIM_CompareMatchCallback           0x080015c9   Thumb Code     2  stm32l4xx_hal_lptim.o(i.HAL_LPTIM_CompareMatchCallback)
    HAL_LPTIM_CompareWriteCallback           0x080015cb   Thumb Code     2  stm32l4xx_hal_lptim.o(i.HAL_LPTIM_CompareWriteCallback)
    HAL_LPTIM_DirectionDownCallback          0x080015cd   Thumb Code     2  stm32l4xx_hal_lptim.o(i.HAL_LPTIM_DirectionDownCallback)
    HAL_LPTIM_DirectionUpCallback            0x080015cf   Thumb Code     2  stm32l4xx_hal_lptim.o(i.HAL_LPTIM_DirectionUpCallback)
    HAL_LPTIM_IRQHandler                     0x080015d1   Thumb Code   230  stm32l4xx_hal_lptim.o(i.HAL_LPTIM_IRQHandler)
    HAL_LPTIM_Init                           0x080016b9   Thumb Code   200  stm32l4xx_hal_lptim.o(i.HAL_LPTIM_Init)
    HAL_LPTIM_MspInit                        0x08001789   Thumb Code    58  smtc_hal_tmr.o(i.HAL_LPTIM_MspInit)
    HAL_LPTIM_TimeOut_Stop                   0x080017cd   Thumb Code    38  stm32l4xx_hal_lptim.o(i.HAL_LPTIM_TimeOut_Stop)
    HAL_LPTIM_TriggerCallback                0x080017f3   Thumb Code     2  stm32l4xx_hal_lptim.o(i.HAL_LPTIM_TriggerCallback)
    HAL_MspInit                              0x080017f5   Thumb Code   140  smtc_hal_mcu.o(i.HAL_MspInit)
    HAL_NVIC_EnableIRQ                       0x08001885   Thumb Code    32  stm32l4xx_hal_cortex.o(i.HAL_NVIC_EnableIRQ)
    HAL_NVIC_SetPriority                     0x080018a5   Thumb Code   124  stm32l4xx_hal_cortex.o(i.HAL_NVIC_SetPriority)
    HAL_NVIC_SetPriorityGrouping             0x08001929   Thumb Code    32  stm32l4xx_hal_cortex.o(i.HAL_NVIC_SetPriorityGrouping)
    HAL_PWREx_EnterSTOP2Mode                 0x08001951   Thumb Code    54  stm32l4xx_hal_pwr_ex.o(i.HAL_PWREx_EnterSTOP2Mode)
    HAL_PWREx_GetVoltageRange                0x08001991   Thumb Code    10  stm32l4xx_hal_pwr_ex.o(i.HAL_PWREx_GetVoltageRange)
    HAL_PWR_ConfigPVD                        0x080019a1   Thumb Code   176  stm32l4xx_hal_pwr.o(i.HAL_PWR_ConfigPVD)
    HAL_PWR_EnablePVD                        0x08001a59   Thumb Code    14  stm32l4xx_hal_pwr.o(i.HAL_PWR_EnablePVD)
    HAL_RCCEx_PeriphCLKConfig                0x08001a6d   Thumb Code  1230  stm32l4xx_hal_rcc_ex.o(i.HAL_RCCEx_PeriphCLKConfig)
    HAL_RCC_ClockConfig                      0x08001f41   Thumb Code   360  stm32l4xx_hal_rcc.o(i.HAL_RCC_ClockConfig)
    HAL_RCC_GetHCLKFreq                      0x080020bd   Thumb Code     6  stm32l4xx_hal_rcc.o(i.HAL_RCC_GetHCLKFreq)
    HAL_RCC_GetPCLK1Freq                     0x080020c9   Thumb Code    26  stm32l4xx_hal_rcc.o(i.HAL_RCC_GetPCLK1Freq)
    HAL_RCC_GetPCLK2Freq                     0x080020ed   Thumb Code    26  stm32l4xx_hal_rcc.o(i.HAL_RCC_GetPCLK2Freq)
    HAL_RCC_GetSysClockFreq                  0x08002111   Thumb Code   220  stm32l4xx_hal_rcc.o(i.HAL_RCC_GetSysClockFreq)
    HAL_RCC_OscConfig                        0x080021fd   Thumb Code  1660  stm32l4xx_hal_rcc.o(i.HAL_RCC_OscConfig)
    HAL_RTCEx_EnableBypassShadow             0x08002889   Thumb Code    88  stm32l4xx_hal_rtc_ex.o(i.HAL_RTCEx_EnableBypassShadow)
    HAL_RTCEx_WakeUpTimerEventCallback       0x080028e1   Thumb Code     2  stm32l4xx_hal_rtc_ex.o(i.HAL_RTCEx_WakeUpTimerEventCallback)
    HAL_RTCEx_WakeUpTimerIRQHandler          0x080028e5   Thumb Code    52  stm32l4xx_hal_rtc_ex.o(i.HAL_RTCEx_WakeUpTimerIRQHandler)
    HAL_RTC_AlarmAEventCallback              0x0800291d   Thumb Code    10  smtc_hal_rtc.o(i.HAL_RTC_AlarmAEventCallback)
    HAL_RTC_DeactivateAlarm                  0x08002927   Thumb Code   262  stm32l4xx_hal_rtc.o(i.HAL_RTC_DeactivateAlarm)
    HAL_RTC_GetDate                          0x08002a2d   Thumb Code    70  stm32l4xx_hal_rtc.o(i.HAL_RTC_GetDate)
    HAL_RTC_GetTime                          0x08002a79   Thumb Code    86  stm32l4xx_hal_rtc.o(i.HAL_RTC_GetTime)
    HAL_RTC_Init                             0x08002ad5   Thumb Code   174  stm32l4xx_hal_rtc.o(i.HAL_RTC_Init)
    HAL_RTC_MspInit                          0x08002b89   Thumb Code    38  smtc_hal_rtc.o(i.HAL_RTC_MspInit)
    HAL_RTC_SetAlarm_IT                      0x08002bb5   Thumb Code   530  stm32l4xx_hal_rtc.o(i.HAL_RTC_SetAlarm_IT)
    HAL_RTC_SetDate                          0x08002dcd   Thumb Code   198  stm32l4xx_hal_rtc.o(i.HAL_RTC_SetDate)
    HAL_RTC_SetTime                          0x08002e99   Thumb Code   244  stm32l4xx_hal_rtc.o(i.HAL_RTC_SetTime)
    HAL_RTC_WaitForSynchro                   0x08002f91   Thumb Code    56  stm32l4xx_hal_rtc.o(i.HAL_RTC_WaitForSynchro)
    HAL_SPI_DeInit                           0x08002fc9   Thumb Code    54  stm32l4xx_hal_spi.o(i.HAL_SPI_DeInit)
    HAL_SPI_Init                             0x08002fff   Thumb Code   192  stm32l4xx_hal_spi.o(i.HAL_SPI_Init)
    HAL_SPI_MspDeInit                        0x080030c1   Thumb Code   164  smtc_hal_spi.o(i.HAL_SPI_MspDeInit)
    HAL_SPI_MspInit                          0x0800316d   Thumb Code   264  smtc_hal_spi.o(i.HAL_SPI_MspInit)
    HAL_SYSTICK_CLKSourceConfig              0x08003281   Thumb Code    40  stm32l4xx_hal_cortex.o(i.HAL_SYSTICK_CLKSourceConfig)
    HAL_SYSTICK_Callback                     0x080032a9   Thumb Code     2  stm32l4xx_hal_cortex.o(i.HAL_SYSTICK_Callback)
    HAL_SYSTICK_Config                       0x080032ab   Thumb Code    52  stm32l4xx_hal_cortex.o(i.HAL_SYSTICK_Config)
    HAL_SYSTICK_IRQHandler                   0x080032df   Thumb Code     8  stm32l4xx_hal_cortex.o(i.HAL_SYSTICK_IRQHandler)
    HAL_UARTEx_WakeupCallback                0x080032e7   Thumb Code     2  stm32l4xx_hal_uart_ex.o(i.HAL_UARTEx_WakeupCallback)
    HAL_UART_DeInit                          0x080032e9   Thumb Code    66  stm32l4xx_hal_uart.o(i.HAL_UART_DeInit)
    HAL_UART_ErrorCallback                   0x0800332b   Thumb Code     2  stm32l4xx_hal_uart.o(i.HAL_UART_ErrorCallback)
    HAL_UART_IRQHandler                      0x0800332d   Thumb Code   394  stm32l4xx_hal_uart.o(i.HAL_UART_IRQHandler)
    HAL_UART_Init                            0x080034bd   Thumb Code   116  stm32l4xx_hal_uart.o(i.HAL_UART_Init)
    HAL_UART_MspDeInit                       0x08003531   Thumb Code   170  smtc_hal_uart.o(i.HAL_UART_MspDeInit)
    HAL_UART_MspInit                         0x080035e5   Thumb Code   394  smtc_hal_uart.o(i.HAL_UART_MspInit)
    HAL_UART_Transmit                        0x0800377d   Thumb Code   208  stm32l4xx_hal_uart.o(i.HAL_UART_Transmit)
    HAL_UART_TxCpltCallback                  0x08003853   Thumb Code     2  stm32l4xx_hal_uart.o(i.HAL_UART_TxCpltCallback)
    HardFault_Handler                        0x08003855   Thumb Code    32  smtc_hal_mcu.o(i.HardFault_Handler)
    LPTIM1_IRQHandler                        0x08003b9d   Thumb Code    30  smtc_hal_tmr.o(i.LPTIM1_IRQHandler)
    LPTIM_Disable                            0x08003bc5   Thumb Code   434  stm32l4xx_hal_lptim.o(i.LPTIM_Disable)
    PVD_PVM_IRQHandler                       0x08003d89   Thumb Code    46  smtc_hal_mcu.o(i.PVD_PVM_IRQHandler)
    RTC_Alarm_IRQHandler                     0x08004179   Thumb Code    56  smtc_hal_rtc.o(i.RTC_Alarm_IRQHandler)
    RTC_Bcd2ToByte                           0x080041b9   Thumb Code    20  stm32l4xx_hal_rtc.o(i.RTC_Bcd2ToByte)
    RTC_ByteToBcd2                           0x080041cd   Thumb Code    28  stm32l4xx_hal_rtc.o(i.RTC_ByteToBcd2)
    RTC_EnterInitMode                        0x080041e9   Thumb Code    68  stm32l4xx_hal_rtc.o(i.RTC_EnterInitMode)
    RTC_ExitInitMode                         0x0800422d   Thumb Code    98  stm32l4xx_hal_rtc.o(i.RTC_ExitInitMode)
    RTC_WKUP_IRQHandler                      0x08004295   Thumb Code    10  smtc_hal_rtc.o(i.RTC_WKUP_IRQHandler)
    SysTick_Handler                          0x080042a5   Thumb Code    12  smtc_hal_mcu.o(i.SysTick_Handler)
    SystemInit                               0x080042b1   Thumb Code    68  system_stm32l4xx.o(i.SystemInit)
    UART_AdvFeatureConfig                    0x08004301   Thumb Code   248  stm32l4xx_hal_uart.o(i.UART_AdvFeatureConfig)
    UART_CheckIdleState                      0x080043f9   Thumb Code   110  stm32l4xx_hal_uart.o(i.UART_CheckIdleState)
    UART_SetConfig                           0x080044c1   Thumb Code  1150  stm32l4xx_hal_uart.o(i.UART_SetConfig)
    UART_WaitOnFlagUntilTimeout              0x0800494b   Thumb Code   104  stm32l4xx_hal_uart.o(i.UART_WaitOnFlagUntilTimeout)
    USART1_IRQHandler                        0x080049b5   Thumb Code    10  smtc_hal_uart.o(i.USART1_IRQHandler)
    USART2_IRQHandler                        0x080049c5   Thumb Code    10  smtc_hal_uart.o(i.USART2_IRQHandler)
    USART3_IRQHandler                        0x080049d5   Thumb Code    10  smtc_hal_uart.o(i.USART3_IRQHandler)
    __0vsprintf                              0x080049e5   Thumb Code    30  printfa.o(i.__0vsprintf)
    __1vsprintf                              0x080049e5   Thumb Code     0  printfa.o(i.__0vsprintf)
    __2vsprintf                              0x080049e5   Thumb Code     0  printfa.o(i.__0vsprintf)
    __c89vsprintf                            0x080049e5   Thumb Code     0  printfa.o(i.__0vsprintf)
    vsprintf                                 0x080049e5   Thumb Code     0  printfa.o(i.__0vsprintf)
    __scatterload_copy                       0x08004a41   Thumb Code    14  handlers.o(i.__scatterload_copy)
    __scatterload_null                       0x08004a4f   Thumb Code     2  handlers.o(i.__scatterload_null)
    __scatterload_zeroinit                   0x08004a51   Thumb Code    14  handlers.o(i.__scatterload_zeroinit)
    acc_get_raw_x                            0x08005305   Thumb Code    18  lis2de12.o(i.acc_get_raw_x)
    acc_get_raw_y                            0x0800531d   Thumb Code    18  lis2de12.o(i.acc_get_raw_y)
    acc_get_raw_z                            0x08005335   Thumb Code    18  lis2de12.o(i.acc_get_raw_z)
    acc_get_temperature                      0x0800534d   Thumb Code    26  lis2de12.o(i.acc_get_temperature)
    acc_read_raw_data                        0x08005369   Thumb Code   108  lis2de12.o(i.acc_read_raw_data)
    accelerometer_init                       0x080053dd   Thumb Code   310  lis2de12.o(i.accelerometer_init)
    external_supply_deinit                   0x080059bd   Thumb Code    18  external_supply.o(i.external_supply_deinit)
    external_supply_init                     0x080059cf   Thumb Code    20  external_supply.o(i.external_supply_init)
    get_accelerometer_irq1_state             0x080059e5   Thumb Code     6  lis2de12.o(i.get_accelerometer_irq1_state)
    gnss_scan_display_results                0x08005a49   Thumb Code   134  gnss_scan.o(i.gnss_scan_display_results)
    gnss_scan_execute                        0x08005b49   Thumb Code   244  gnss_scan.o(i.gnss_scan_execute)
    gnss_scan_init                           0x08005c4d   Thumb Code    58  gnss_scan.o(i.gnss_scan_init)
    gnss_scan_set_type                       0x08005c95   Thumb Code    20  gnss_scan.o(i.gnss_scan_set_type)
    hal_gpio_deinit                          0x08005cad   Thumb Code    34  smtc_hal_gpio.o(i.hal_gpio_deinit)
    hal_gpio_get_value                       0x08005cd5   Thumb Code    42  smtc_hal_gpio.o(i.hal_gpio_get_value)
    hal_gpio_init_in                         0x08005efd   Thumb Code    80  smtc_hal_gpio.o(i.hal_gpio_init_in)
    hal_gpio_init_out                        0x08005f51   Thumb Code    44  smtc_hal_gpio.o(i.hal_gpio_init_out)
    hal_gpio_irq_attach                      0x08005f81   Thumb Code    20  smtc_hal_gpio.o(i.hal_gpio_irq_attach)
    hal_gpio_set_value                       0x08005f99   Thumb Code    46  smtc_hal_gpio.o(i.hal_gpio_set_value)
    hal_i2c_deinit                           0x08005fc9   Thumb Code    28  smtc_hal_i2c.o(i.hal_i2c_deinit)
    hal_i2c_init                             0x08005fe9   Thumb Code   280  smtc_hal_i2c.o(i.hal_i2c_init)
    hal_i2c_read_buffer                      0x08006109   Thumb Code    36  smtc_hal_i2c.o(i.hal_i2c_read_buffer)
    hal_i2c_write_buffer                     0x0800612d   Thumb Code    60  smtc_hal_i2c.o(i.hal_i2c_write_buffer)
    hal_mcu_critical_section_begin           0x08006169   Thumb Code    12  smtc_hal_mcu.o(i.hal_mcu_critical_section_begin)
    hal_mcu_critical_section_end             0x08006175   Thumb Code    10  smtc_hal_mcu.o(i.hal_mcu_critical_section_end)
    hal_mcu_init                             0x08006291   Thumb Code    72  smtc_hal_mcu.o(i.hal_mcu_init)
    hal_mcu_init_periph                      0x080062dd   Thumb Code    20  smtc_hal_mcu.o(i.hal_mcu_init_periph)
    hal_mcu_init_software_watchdog           0x080062f1   Thumb Code    28  smtc_hal_mcu.o(i.hal_mcu_init_software_watchdog)
    hal_mcu_low_power_handler                0x08006315   Thumb Code    16  smtc_hal_mcu.o(i.hal_mcu_low_power_handler)
    hal_mcu_panic                            0x08006379   Thumb Code    70  smtc_hal_mcu.o(i.hal_mcu_panic)
    hal_mcu_partial_sleep_enable             0x080063e9   Thumb Code     6  smtc_hal_mcu.o(i.hal_mcu_partial_sleep_enable)
    hal_mcu_reset                            0x08006465   Thumb Code    62  smtc_hal_mcu.o(i.hal_mcu_reset)
    hal_mcu_reset_software_watchdog          0x080064ad   Thumb Code    10  smtc_hal_mcu.o(i.hal_mcu_reset_software_watchdog)
    hal_mcu_trace_print                      0x08006675   Thumb Code    26  smtc_hal_mcu.o(i.hal_mcu_trace_print)
    hal_rtc_get_minimum_timeout              0x080066bd   Thumb Code     4  smtc_hal_rtc.o(i.hal_rtc_get_minimum_timeout)
    hal_rtc_get_time_ms                      0x080066c1   Thumb Code    34  smtc_hal_rtc.o(i.hal_rtc_get_time_ms)
    hal_rtc_get_time_ref_in_ticks            0x080066e5   Thumb Code     6  smtc_hal_rtc.o(i.hal_rtc_get_time_ref_in_ticks)
    hal_rtc_get_timer_elapsed_value          0x080066f1   Thumb Code    24  smtc_hal_rtc.o(i.hal_rtc_get_timer_elapsed_value)
    hal_rtc_init                             0x0800670d   Thumb Code   166  smtc_hal_rtc.o(i.hal_rtc_init)
    hal_rtc_ms_2_tick                        0x080067c1   Thumb Code    24  smtc_hal_rtc.o(i.hal_rtc_ms_2_tick)
    hal_rtc_set_time_ref_in_ticks            0x080067d9   Thumb Code    24  smtc_hal_rtc.o(i.hal_rtc_set_time_ref_in_ticks)
    hal_rtc_start_alarm                      0x080067f5   Thumb Code   362  smtc_hal_rtc.o(i.hal_rtc_start_alarm)
    hal_rtc_stop_alarm                       0x08006975   Thumb Code    42  smtc_hal_rtc.o(i.hal_rtc_stop_alarm)
    hal_rtc_tick_2_ms                        0x080069a9   Thumb Code    30  smtc_hal_rtc.o(i.hal_rtc_tick_2_ms)
    hal_spi_deinit                           0x080069c9   Thumb Code    24  smtc_hal_spi.o(i.hal_spi_deinit)
    hal_spi_in_out                           0x080069e5   Thumb Code    98  smtc_hal_spi.o(i.hal_spi_in_out)
    hal_spi_init                             0x08006a4d   Thumb Code   264  smtc_hal_spi.o(i.hal_spi_init)
    hal_tmr_init                             0x08006b59   Thumb Code    60  smtc_hal_tmr.o(i.hal_tmr_init)
    hal_uart_deinit                          0x08006ba1   Thumb Code    24  smtc_hal_uart.o(i.hal_uart_deinit)
    hal_uart_init                            0x08006bbd   Thumb Code   216  smtc_hal_uart.o(i.hal_uart_init)
    hal_uart_tx                              0x08006c99   Thumb Code    40  smtc_hal_uart.o(i.hal_uart_tx)
    is_accelerometer_detected_moved          0x08006e81   Thumb Code    52  lis2de12.o(i.is_accelerometer_detected_moved)
    leds_blink                               0x08006fd1   Thumb Code    62  leds.o(i.leds_blink)
    leds_deinit                              0x0800700f   Thumb Code    16  leds.o(i.leds_deinit)
    leds_init                                0x0800701f   Thumb Code    20  leds.o(i.leds_init)
    leds_off                                 0x08007033   Thumb Code    34  leds.o(i.leds_off)
    leds_on                                  0x08007055   Thumb Code    34  leds.o(i.leds_on)
    lis2de12_acceleration_raw_get            0x08007077   Thumb Code    20  lis2de12.o(i.lis2de12_acceleration_raw_get)
    lis2de12_acceleration_raw_get_x          0x0800708b   Thumb Code    20  lis2de12.o(i.lis2de12_acceleration_raw_get_x)
    lis2de12_acceleration_raw_get_y          0x0800709f   Thumb Code    20  lis2de12.o(i.lis2de12_acceleration_raw_get_y)
    lis2de12_acceleration_raw_get_z          0x080070b3   Thumb Code    20  lis2de12.o(i.lis2de12_acceleration_raw_get_z)
    lis2de12_block_data_update_set           0x080070c7   Thumb Code    52  lis2de12.o(i.lis2de12_block_data_update_set)
    lis2de12_data_rate_set                   0x080070fb   Thumb Code    56  lis2de12.o(i.lis2de12_data_rate_set)
    lis2de12_device_id_get                   0x08007133   Thumb Code    20  lis2de12.o(i.lis2de12_device_id_get)
    lis2de12_fifo_mode_set                   0x08007147   Thumb Code    44  lis2de12.o(i.lis2de12_fifo_mode_set)
    lis2de12_from_fs2_to_mg                  0x08007175   Thumb Code    26  lis2de12.o(i.lis2de12_from_fs2_to_mg)
    lis2de12_full_scale_set                  0x08007195   Thumb Code    44  lis2de12.o(i.lis2de12_full_scale_set)
    lis2de12_high_pass_int_conf_set          0x080071c1   Thumb Code    44  lis2de12.o(i.lis2de12_high_pass_int_conf_set)
    lis2de12_int1_gen_conf_set               0x080071ed   Thumb Code    20  lis2de12.o(i.lis2de12_int1_gen_conf_set)
    lis2de12_int1_gen_duration_set           0x08007201   Thumb Code    44  lis2de12.o(i.lis2de12_int1_gen_duration_set)
    lis2de12_int1_gen_source_get             0x0800722d   Thumb Code    20  lis2de12.o(i.lis2de12_int1_gen_source_get)
    lis2de12_int1_gen_threshold_set          0x08007241   Thumb Code    44  lis2de12.o(i.lis2de12_int1_gen_threshold_set)
    lis2de12_int1_irq_handler                0x0800726d   Thumb Code     8  lis2de12.o(i.lis2de12_int1_irq_handler)
    lis2de12_int1_pin_notification_mode_set  0x08007279   Thumb Code    44  lis2de12.o(i.lis2de12_int1_pin_notification_mode_set)
    lis2de12_pin_int1_config_set             0x080072a5   Thumb Code    20  lis2de12.o(i.lis2de12_pin_int1_config_set)
    lis2de12_read_reg                        0x080072b9   Thumb Code    34  lis2de12.o(i.lis2de12_read_reg)
    lis2de12_temp_data_ready_get             0x080072db   Thumb Code    30  lis2de12.o(i.lis2de12_temp_data_ready_get)
    lis2de12_temperature_meas_set            0x080072f9   Thumb Code    44  lis2de12.o(i.lis2de12_temperature_meas_set)
    lis2de12_temperature_raw_get             0x08007325   Thumb Code    50  lis2de12.o(i.lis2de12_temperature_raw_get)
    lis2de12_write_reg                       0x08007357   Thumb Code    34  lis2de12.o(i.lis2de12_write_reg)
    lis2de12_xl_data_ready_get               0x08007379   Thumb Code    30  lis2de12.o(i.lis2de12_xl_data_ready_get)
    lna_off                                  0x08007397   Thumb Code    12  external_supply.o(i.lna_off)
    lna_on                                   0x080073a3   Thumb Code    12  external_supply.o(i.lna_on)
    lr1110_display_wifi_scan_results         0x08007451   Thumb Code   164  wifi_scan.o(i.lr1110_display_wifi_scan_results)
    lr1110_modem_activate_duty_cycle         0x08007581   Thumb Code    40  lr1110_modem_lorawan.o(i.lr1110_modem_activate_duty_cycle)
    lr1110_modem_board_deinit_io             0x08007739   Thumb Code    84  lr1110-modem-board.o(i.lr1110_modem_board_deinit_io)
    lr1110_modem_board_get_systime_from_gps  0x0800778d   Thumb Code    20  lr1110-modem-board.o(i.lr1110_modem_board_get_systime_from_gps)
    lr1110_modem_board_get_tcxo_wakeup_time  0x080077a5   Thumb Code     6  lr1110-modem-board.o(i.lr1110_modem_board_get_tcxo_wakeup_time)
    lr1110_modem_board_init                  0x080077ab   Thumb Code   112  lr1110-modem-board.o(i.lr1110_modem_board_init)
    lr1110_modem_board_init_io               0x0800781b   Thumb Code    56  lr1110-modem-board.o(i.lr1110_modem_board_init_io)
    lr1110_modem_board_init_io_context       0x08007855   Thumb Code    48  lr1110-modem-board.o(i.lr1110_modem_board_init_io_context)
    lr1110_modem_board_is_ready              0x080078d1   Thumb Code     6  lr1110-modem-board.o(i.lr1110_modem_board_is_ready)
    lr1110_modem_board_lna_off               0x080078dd   Thumb Code     8  lr1110-modem-board.o(i.lr1110_modem_board_lna_off)
    lr1110_modem_board_lna_on                0x080078e5   Thumb Code     8  lr1110-modem-board.o(i.lr1110_modem_board_lna_on)
    lr1110_modem_board_read_event_line       0x080078ed   Thumb Code    22  lr1110-modem-board.o(i.lr1110_modem_board_read_event_line)
    lr1110_modem_board_set_ready             0x08007905   Thumb Code     6  lr1110-modem-board.o(i.lr1110_modem_board_set_ready)
    lr1110_modem_derive_keys                 0x08007949   Thumb Code    34  lr1110_modem_lorawan.o(i.lr1110_modem_derive_keys)
    lr1110_modem_event_process               0x08007ab5   Thumb Code   680  lr1110.o(i.lr1110_modem_event_process)
    lr1110_modem_extract_channel_from_info_byte 0x08007d61   Thumb Code     8  lr1110_modem_wifi.o(i.lr1110_modem_extract_channel_from_info_byte)
    lr1110_modem_extract_signal_type_from_data_rate_info 0x08007d69   Thumb Code     8  lr1110_modem_wifi.o(i.lr1110_modem_extract_signal_type_from_data_rate_info)
    lr1110_modem_get_adr_profile             0x08007d71   Thumb Code    36  lr1110_modem_lorawan.o(i.lr1110_modem_get_adr_profile)
    lr1110_modem_get_charge                  0x08007d95   Thumb Code    74  lr1110_modem_lorawan.o(i.lr1110_modem_get_charge)
    lr1110_modem_get_chip_eui                0x08007ddf   Thumb Code    66  lr1110_modem_lorawan.o(i.lr1110_modem_get_chip_eui)
    lr1110_modem_get_dev_eui                 0x08007e21   Thumb Code    66  lr1110_modem_lorawan.o(i.lr1110_modem_get_dev_eui)
    lr1110_modem_get_event                   0x08007e63   Thumb Code   104  lr1110_modem_lorawan.o(i.lr1110_modem_get_event)
    lr1110_modem_get_event_size              0x08007ecb   Thumb Code    58  lr1110_modem_lorawan.o(i.lr1110_modem_get_event_size)
    lr1110_modem_get_gps_time                0x08007f05   Thumb Code    74  lr1110_modem_lorawan.o(i.lr1110_modem_get_gps_time)
    lr1110_modem_get_join_eui                0x08007f4f   Thumb Code    66  lr1110_modem_lorawan.o(i.lr1110_modem_get_join_eui)
    lr1110_modem_get_pin                     0x08007f91   Thumb Code    74  lr1110_modem_lorawan.o(i.lr1110_modem_get_pin)
    lr1110_modem_get_status                  0x08007fdb   Thumb Code    36  lr1110_modem_lorawan.o(i.lr1110_modem_get_status)
    lr1110_modem_get_version                 0x08007fff   Thumb Code   124  lr1110_modem_lorawan.o(i.lr1110_modem_get_version)
    lr1110_modem_gnss_get_detected_satellites 0x0800807b   Thumb Code   114  lr1110_modem_gnss.o(i.lr1110_modem_gnss_get_detected_satellites)
    lr1110_modem_gnss_get_nb_detected_satellites 0x080080ed   Thumb Code    40  lr1110_modem_gnss.o(i.lr1110_modem_gnss_get_nb_detected_satellites)
    lr1110_modem_gnss_push_solver_msg        0x08008115   Thumb Code    36  lr1110_modem_gnss.o(i.lr1110_modem_gnss_push_solver_msg)
    lr1110_modem_gnss_scan_assisted_md       0x08008139   Thumb Code    52  lr1110_modem_gnss.o(i.lr1110_modem_gnss_scan_assisted_md)
    lr1110_modem_gnss_scan_autonomous_md     0x0800816d   Thumb Code    52  lr1110_modem_gnss.o(i.lr1110_modem_gnss_scan_autonomous_md)
    lr1110_modem_gnss_scan_done              0x080081a1   Thumb Code    34  gnss_scan.o(i.lr1110_modem_gnss_scan_done)
    lr1110_modem_gnss_set_assistance_position 0x080081c9   Thumb Code   120  lr1110_modem_gnss.o(i.lr1110_modem_gnss_set_assistance_position)
    lr1110_modem_gnss_set_constellations_to_use 0x0800824d   Thumb Code    38  lr1110_modem_gnss.o(i.lr1110_modem_gnss_set_constellations_to_use)
    lr1110_modem_hal_read                    0x08008273   Thumb Code   258  lr1110_modem_hal.o(i.lr1110_modem_hal_read)
    lr1110_modem_hal_reset                   0x0800837d   Thumb Code   102  lr1110_modem_hal.o(i.lr1110_modem_hal_reset)
    lr1110_modem_hal_wakeup                  0x08008459   Thumb Code    48  lr1110_modem_hal.o(i.lr1110_modem_hal_wakeup)
    lr1110_modem_hal_write                   0x08008489   Thumb Code   286  lr1110_modem_hal.o(i.lr1110_modem_hal_write)
    lr1110_modem_join                        0x080085ad   Thumb Code    34  lr1110_modem_lorawan.o(i.lr1110_modem_join)
    lr1110_modem_send_stream_data            0x08008899   Thumb Code    46  lr1110_modem_lorawan.o(i.lr1110_modem_send_stream_data)
    lr1110_modem_set_adr_profile             0x080088c7   Thumb Code    52  lr1110_modem_lorawan.o(i.lr1110_modem_set_adr_profile)
    lr1110_modem_set_alarm_timer             0x080088fb   Thumb Code    60  lr1110_modem_lorawan.o(i.lr1110_modem_set_alarm_timer)
    lr1110_modem_set_alc_sync_mode           0x08008937   Thumb Code    40  lr1110_modem_lorawan.o(i.lr1110_modem_set_alc_sync_mode)
    lr1110_modem_set_class                   0x0800895f   Thumb Code    40  lr1110_modem_lorawan.o(i.lr1110_modem_set_class)
    lr1110_modem_set_dev_eui                 0x080089f9   Thumb Code    58  lr1110_modem_lorawan.o(i.lr1110_modem_set_dev_eui)
    lr1110_modem_set_dm_info_field           0x08008a33   Thumb Code    66  lr1110_modem_lorawan.o(i.lr1110_modem_set_dm_info_field)
    lr1110_modem_set_dm_info_interval        0x08008a75   Thumb Code    50  lr1110_modem_lorawan.o(i.lr1110_modem_set_dm_info_interval)
    lr1110_modem_set_join_eui                0x08008aa7   Thumb Code    58  lr1110_modem_lorawan.o(i.lr1110_modem_set_join_eui)
    lr1110_modem_set_region                  0x08008ae1   Thumb Code    40  lr1110_modem_lorawan.o(i.lr1110_modem_set_region)
    lr1110_modem_set_rf_output               0x08008b09   Thumb Code    40  lr1110_modem_lorawan.o(i.lr1110_modem_set_rf_output)
    lr1110_modem_stream_init                 0x08008bb5   Thumb Code    46  lr1110_modem_lorawan.o(i.lr1110_modem_stream_init)
    lr1110_modem_stream_status               0x08008be3   Thumb Code    78  lr1110_modem_lorawan.o(i.lr1110_modem_stream_status)
    lr1110_modem_system_set_dio_as_rf_switch 0x08008c31   Thumb Code    86  lr1110_modem_system.o(i.lr1110_modem_system_set_dio_as_rf_switch)
    lr1110_modem_system_set_reg_mode         0x08008c87   Thumb Code    40  lr1110_modem_system.o(i.lr1110_modem_system_set_reg_mode)
    lr1110_modem_system_set_tcxo_mode        0x08008caf   Thumb Code    60  lr1110_modem_system.o(i.lr1110_modem_system_set_tcxo_mode)
    lr1110_modem_wifi_cfg_hardware_debarker  0x08008dfd   Thumb Code    40  lr1110_modem_wifi.o(i.lr1110_modem_wifi_cfg_hardware_debarker)
    lr1110_modem_wifi_passive_scan           0x08008e25   Thumb Code   102  lr1110_modem_wifi.o(i.lr1110_modem_wifi_passive_scan)
    lr1110_modem_wifi_read_basic_results     0x08008e9f   Thumb Code    34  lr1110_modem_wifi.o(i.lr1110_modem_wifi_read_basic_results)
    lr1110_modem_wifi_read_complete_results  0x08008ec1   Thumb Code    34  lr1110_modem_wifi.o(i.lr1110_modem_wifi_read_complete_results)
    lr1110_modem_wifi_read_cumulative_timing 0x08008ee3   Thumb Code   174  lr1110_modem_wifi.o(i.lr1110_modem_wifi_read_cumulative_timing)
    lr1110_modem_wifi_reset_cumulative_timing 0x08008f91   Thumb Code    34  lr1110_modem_wifi.o(i.lr1110_modem_wifi_reset_cumulative_timing)
    lr1110_modem_wifi_scan_done              0x08008fb5   Thumb Code    32  wifi_scan.o(i.lr1110_modem_wifi_scan_done)
    main                                     0x08008ff5   Thumb Code  2158  main_tracker.o(i.main)
    radio_event_callback                     0x08009da5   Thumb Code     2  lr1110.o(i.radio_event_callback)
    radio_event_init                         0x08009da9   Thumb Code     6  lr1110.o(i.radio_event_init)
    rand1                                    0x08009db5   Thumb Code    32  utilities.o(i.rand1)
    randr                                    0x08009ddd   Thumb Code    26  utilities.o(i.randr)
    timer_init                               0x08009ef1   Thumb Code    18  smtc_hal_tmr_list.o(i.timer_init)
    timer_irq_handler                        0x08009f59   Thumb Code   182  smtc_hal_tmr_list.o(i.timer_irq_handler)
    timer_reset                              0x0800a015   Thumb Code    18  smtc_hal_tmr_list.o(i.timer_reset)
    timer_set_value                          0x0800a051   Thumb Code    44  smtc_hal_tmr_list.o(i.timer_set_value)
    timer_start                              0x0800a07d   Thumb Code   108  smtc_hal_tmr_list.o(i.timer_start)
    timer_stop                               0x0800a0ed   Thumb Code   170  smtc_hal_tmr_list.o(i.timer_stop)
    tracker_init_app_ctx                     0x0800a19d   Thumb Code   164  tracker_utility.o(i.tracker_init_app_ctx)
    wifi_add_basic_mac_to_results            0x0800a42f   Thumb Code   156  wifi_scan.o(i.wifi_add_basic_mac_to_results)
    wifi_add_complete_mac_to_results         0x0800a4cb   Thumb Code   178  wifi_scan.o(i.wifi_add_complete_mac_to_results)
    wifi_compute_consumption                 0x0800a57d   Thumb Code    78  wifi_scan.o(i.wifi_compute_consumption)
    wifi_configure                           0x0800a5cd   Thumb Code    98  wifi_scan.o(i.wifi_configure)
    wifi_execute_scan                        0x0800a635   Thumb Code   366  wifi_scan.o(i.wifi_execute_scan)
    wifi_init                                0x0800a7b1   Thumb Code    56  wifi_scan.o(i.wifi_init)
    AHBPrescTable                            0x0800a7f4   Data          16  system_stm32l4xx.o(.constdata)
    APBPrescTable                            0x0800a804   Data           8  system_stm32l4xx.o(.constdata)
    MSIRangeTable                            0x0800a80c   Data          48  system_stm32l4xx.o(.constdata)
    Region$$Table$$Base                      0x0800a9dc   Number         0  anon$$obj.o(Region$$Table)
    Region$$Table$$Limit                     0x0800a9fc   Number         0  anon$$obj.o(Region$$Table)
    adr_custom_list                          0x20000000   Data          16  main_tracker.o(.data)
    uwTick                                   0x20000020   Data           4  stm32l4xx_hal.o(.data)
    uwTickPrio                               0x20000024   Data           4  stm32l4xx_hal.o(.data)
    uwTickFreq                               0x20000028   Data           4  stm32l4xx_hal.o(.data)
    SystemCoreClock                          0x2000002c   Data           4  system_stm32l4xx.o(.data)
    data_raw_acceleration                    0x20000032   Data           6  lis2de12.o(.data)
    lr1110_modem_event                       0x20000048   Data           4  lr1110.o(.data)
    uart_rx_done                             0x200003d4   Data           1  smtc_hal_uart.o(.data)
    acceleration_mg                          0x2000040c   Data          12  lis2de12.o(.bss)
    tracker_ctx                              0x20000418   Data        2256  tracker_utility.o(.bss)
    wifi                                     0x20000ce8   Data        1376  wifi_scan.o(.bss)
    gnss                                     0x20001260   Data         352  gnss_scan.o(.bss)
    lr1110                                   0x20001430   Data         192  smtc_hal_mcu.o(.bss)
    hal_rtc                                  0x20001508   Data          64  smtc_hal_rtc.o(.bss)
    __initial_sp                             0x20001dd8   Data           0  startup_stm32l476xx.o(STACK)



==============================================================================

Memory Map of the image

  Image Entry point : 0x08000189

  Load Region LR_IROM1 (Base: 0x08000000, Size: 0x0000add8, Max: 0x00100000, ABSOLUTE, COMPRESSED[0x0000aa54])

    Execution Region ER_IROM1 (Exec base: 0x08000000, Load base: 0x08000000, Size: 0x0000a9fc, Max: 0x00100000, ABSOLUTE)

    Exec Addr    Load Addr    Size         Type   Attr      Idx    E Section Name        Object

    0x08000000   0x08000000   0x00000188   Data   RO            3    RESET               startup_stm32l476xx.o
    0x08000188   0x08000188   0x00000000   Code   RO         8435  * .ARM.Collect$$$$00000000  mc_w.l(entry.o)
    0x08000188   0x08000188   0x00000004   Code   RO         8492    .ARM.Collect$$$$00000001  mc_w.l(entry2.o)
    0x0800018c   0x0800018c   0x00000004   Code   RO         8495    .ARM.Collect$$$$00000004  mc_w.l(entry5.o)
    0x08000190   0x08000190   0x00000000   Code   RO         8497    .ARM.Collect$$$$00000008  mc_w.l(entry7b.o)
    0x08000190   0x08000190   0x00000000   Code   RO         8499    .ARM.Collect$$$$0000000A  mc_w.l(entry8b.o)
    0x08000190   0x08000190   0x00000008   Code   RO         8500    .ARM.Collect$$$$0000000B  mc_w.l(entry9a.o)
    0x08000198   0x08000198   0x00000004   Code   RO         8507    .ARM.Collect$$$$0000000E  mc_w.l(entry12b.o)
    0x0800019c   0x0800019c   0x00000000   Code   RO         8502    .ARM.Collect$$$$0000000F  mc_w.l(entry10a.o)
    0x0800019c   0x0800019c   0x00000000   Code   RO         8504    .ARM.Collect$$$$00000011  mc_w.l(entry11a.o)
    0x0800019c   0x0800019c   0x00000004   Code   RO         8493    .ARM.Collect$$$$00002712  mc_w.l(entry2.o)
    0x080001a0   0x080001a0   0x00000024   Code   RO            4    .text               startup_stm32l476xx.o
    0x080001c4   0x080001c4   0x00000068   Code   RO         8438    .text               mc_w.l(uldiv.o)
    0x0800022c   0x0800022c   0x00000094   Code   RO         8440    .text               mc_w.l(localtime.o)
    0x080002c0   0x080002c0   0x00000024   Code   RO         8444    .text               mc_w.l(memcpya.o)
    0x080002e4   0x080002e4   0x00000024   Code   RO         8446    .text               mc_w.l(memseta.o)
    0x08000308   0x08000308   0x0000000e   Code   RO         8448    .text               mc_w.l(strlen.o)
    0x08000316   0x08000316   0x000000de   Code   RO         8480    .text               mf_w.l(ddiv.o)
    0x080003f4   0x080003f4   0x00000022   Code   RO         8482    .text               mf_w.l(dflti.o)
    0x08000416   0x08000416   0x0000001a   Code   RO         8484    .text               mf_w.l(dfltui.o)
    0x08000430   0x08000430   0x00000032   Code   RO         8486    .text               mf_w.l(dfixui.o)
    0x08000462   0x08000462   0x0000002c   Code   RO         8511    .text               mc_w.l(uidiv.o)
    0x0800048e   0x0800048e   0x0000001e   Code   RO         8513    .text               mc_w.l(llshl.o)
    0x080004ac   0x080004ac   0x00000020   Code   RO         8515    .text               mc_w.l(llushr.o)
    0x080004cc   0x080004cc   0x00000000   Code   RO         8517    .text               mc_w.l(iusefp.o)
    0x080004cc   0x080004cc   0x000000ba   Code   RO         8520    .text               mf_w.l(depilogue.o)
    0x08000586   0x08000586   0x0000015e   Code   RO         8522    .text               mf_w.l(dadd.o)
    0x080006e4   0x080006e4   0x000000ea   Code   RO         8524    .text               mf_w.l(dmul.o)
    0x080007ce   0x080007ce   0x00000030   Code   RO         8526    .text               mf_w.l(dfixul.o)
    0x080007fe   0x080007fe   0x00000002   PAD
    0x08000800   0x08000800   0x00000030   Code   RO         8528    .text               mf_w.l(cdrcmple.o)
    0x08000830   0x08000830   0x00000024   Code   RO         8530    .text               mc_w.l(init.o)
    0x08000854   0x08000854   0x00000024   Code   RO         8533    .text               mc_w.l(llsshr.o)
    0x08000878   0x08000878   0x00000056   Code   RO         8544    .text               mc_w.l(__dczerorl2.o)
    0x080008ce   0x080008ce   0x0000000a   Code   RO         7370    i.EXTI0_IRQHandler  smtc_hal_gpio.o
    0x080008d8   0x080008d8   0x00000034   Code   RO         7371    i.EXTI15_10_IRQHandler  smtc_hal_gpio.o
    0x0800090c   0x0800090c   0x0000000a   Code   RO         7372    i.EXTI1_IRQHandler  smtc_hal_gpio.o
    0x08000916   0x08000916   0x0000000a   Code   RO         7373    i.EXTI2_IRQHandler  smtc_hal_gpio.o
    0x08000920   0x08000920   0x0000000a   Code   RO         7374    i.EXTI3_IRQHandler  smtc_hal_gpio.o
    0x0800092a   0x0800092a   0x0000000a   Code   RO         7375    i.EXTI4_IRQHandler  smtc_hal_gpio.o
    0x08000934   0x08000934   0x00000026   Code   RO         7376    i.EXTI9_5_IRQHandler  smtc_hal_gpio.o
    0x0800095a   0x0800095a   0x00000002   PAD
    0x0800095c   0x0800095c   0x00000014   Code   RO         2978    i.HAL_DBGMCU_DisableDBGSleepMode  stm32l4xx_hal.o
    0x08000970   0x08000970   0x00000014   Code   RO         2979    i.HAL_DBGMCU_DisableDBGStandbyMode  stm32l4xx_hal.o
    0x08000984   0x08000984   0x00000014   Code   RO         2980    i.HAL_DBGMCU_DisableDBGStopMode  stm32l4xx_hal.o
    0x08000998   0x08000998   0x0000005c   Code   RO         3760    i.HAL_DMA_Abort_IT  stm32l4xx_hal_dma.o
    0x080009f4   0x080009f4   0x00000028   Code   RO         2985    i.HAL_Delay         stm32l4xx_hal.o
    0x08000a1c   0x08000a1c   0x00000144   Code   RO         3692    i.HAL_GPIO_DeInit   stm32l4xx_hal_gpio.o
    0x08000b60   0x08000b60   0x00000040   Code   RO         7377    i.HAL_GPIO_EXTI_Callback  smtc_hal_gpio.o
    0x08000ba0   0x08000ba0   0x0000001c   Code   RO         3694    i.HAL_GPIO_EXTI_IRQHandler  stm32l4xx_hal_gpio.o
    0x08000bbc   0x08000bbc   0x00000204   Code   RO         3695    i.HAL_GPIO_Init     stm32l4xx_hal_gpio.o
    0x08000dc0   0x08000dc0   0x00000010   Code   RO         3697    i.HAL_GPIO_ReadPin  stm32l4xx_hal_gpio.o
    0x08000dd0   0x08000dd0   0x0000000a   Code   RO         3699    i.HAL_GPIO_WritePin  stm32l4xx_hal_gpio.o
    0x08000dda   0x08000dda   0x00000002   PAD
    0x08000ddc   0x08000ddc   0x0000000c   Code   RO         2989    i.HAL_GetTick       stm32l4xx_hal.o
    0x08000de8   0x08000de8   0x0000006a   Code   RO          910    i.HAL_I2CEx_ConfigAnalogFilter  stm32l4xx_hal_i2c_ex.o
    0x08000e52   0x08000e52   0x00000068   Code   RO          911    i.HAL_I2CEx_ConfigDigitalFilter  stm32l4xx_hal_i2c_ex.o
    0x08000eba   0x08000eba   0x0000003c   Code   RO          452    i.HAL_I2C_DeInit    stm32l4xx_hal_i2c.o
    0x08000ef6   0x08000ef6   0x00000002   PAD
    0x08000ef8   0x08000ef8   0x000000c4   Code   RO          461    i.HAL_I2C_Init      stm32l4xx_hal_i2c.o
    0x08000fbc   0x08000fbc   0x000001a6   Code   RO          479    i.HAL_I2C_Mem_Read  stm32l4xx_hal_i2c.o
    0x08001162   0x08001162   0x00000002   PAD
    0x08001164   0x08001164   0x0000019e   Code   RO          482    i.HAL_I2C_Mem_Write  stm32l4xx_hal_i2c.o
    0x08001302   0x08001302   0x00000002   PAD
    0x08001304   0x08001304   0x000000cc   Code   RO         7522    i.HAL_I2C_MspDeInit  smtc_hal_i2c.o
    0x080013d0   0x080013d0   0x00000164   Code   RO         7523    i.HAL_I2C_MspInit   smtc_hal_i2c.o
    0x08001534   0x08001534   0x00000018   Code   RO         2995    i.HAL_IncTick       stm32l4xx_hal.o
    0x0800154c   0x0800154c   0x0000001e   Code   RO         2996    i.HAL_Init          stm32l4xx_hal.o
    0x0800156a   0x0800156a   0x00000002   PAD
    0x0800156c   0x0800156c   0x00000058   Code   RO         2997    i.HAL_InitTick      stm32l4xx_hal.o
    0x080015c4   0x080015c4   0x00000002   Code   RO          964    i.HAL_LPTIM_AutoReloadMatchCallback  stm32l4xx_hal_lptim.o
    0x080015c6   0x080015c6   0x00000002   Code   RO          965    i.HAL_LPTIM_AutoReloadWriteCallback  stm32l4xx_hal_lptim.o
    0x080015c8   0x080015c8   0x00000002   Code   RO          966    i.HAL_LPTIM_CompareMatchCallback  stm32l4xx_hal_lptim.o
    0x080015ca   0x080015ca   0x00000002   Code   RO          967    i.HAL_LPTIM_CompareWriteCallback  stm32l4xx_hal_lptim.o
    0x080015cc   0x080015cc   0x00000002   Code   RO          973    i.HAL_LPTIM_DirectionDownCallback  stm32l4xx_hal_lptim.o
    0x080015ce   0x080015ce   0x00000002   Code   RO          974    i.HAL_LPTIM_DirectionUpCallback  stm32l4xx_hal_lptim.o
    0x080015d0   0x080015d0   0x000000e6   Code   RO          980    i.HAL_LPTIM_IRQHandler  stm32l4xx_hal_lptim.o
    0x080016b6   0x080016b6   0x00000002   PAD
    0x080016b8   0x080016b8   0x000000d0   Code   RO          981    i.HAL_LPTIM_Init    stm32l4xx_hal_lptim.o
    0x08001788   0x08001788   0x00000044   Code   RO         8138    i.HAL_LPTIM_MspInit  smtc_hal_tmr.o
    0x080017cc   0x080017cc   0x00000026   Code   RO         1001    i.HAL_LPTIM_TimeOut_Stop  stm32l4xx_hal_lptim.o
    0x080017f2   0x080017f2   0x00000002   Code   RO         1003    i.HAL_LPTIM_TriggerCallback  stm32l4xx_hal_lptim.o
    0x080017f4   0x080017f4   0x00000090   Code   RO         7607    i.HAL_MspInit       smtc_hal_mcu.o
    0x08001884   0x08001884   0x00000020   Code   RO         4236    i.HAL_NVIC_EnableIRQ  stm32l4xx_hal_cortex.o
    0x080018a4   0x080018a4   0x00000082   Code   RO         4242    i.HAL_NVIC_SetPriority  stm32l4xx_hal_cortex.o
    0x08001926   0x08001926   0x00000002   PAD
    0x08001928   0x08001928   0x00000028   Code   RO         4243    i.HAL_NVIC_SetPriorityGrouping  stm32l4xx_hal_cortex.o
    0x08001950   0x08001950   0x00000040   Code   RO         4016    i.HAL_PWREx_EnterSTOP2Mode  stm32l4xx_hal_pwr_ex.o
    0x08001990   0x08001990   0x00000010   Code   RO         4017    i.HAL_PWREx_GetVoltageRange  stm32l4xx_hal_pwr_ex.o
    0x080019a0   0x080019a0   0x000000b8   Code   RO         3871    i.HAL_PWR_ConfigPVD  stm32l4xx_hal_pwr.o
    0x08001a58   0x08001a58   0x00000014   Code   RO         3879    i.HAL_PWR_EnablePVD  stm32l4xx_hal_pwr.o
    0x08001a6c   0x08001a6c   0x000004d4   Code   RO         3328    i.HAL_RCCEx_PeriphCLKConfig  stm32l4xx_hal_rcc_ex.o
    0x08001f40   0x08001f40   0x0000017c   Code   RO         3213    i.HAL_RCC_ClockConfig  stm32l4xx_hal_rcc.o
    0x080020bc   0x080020bc   0x0000000c   Code   RO         3217    i.HAL_RCC_GetHCLKFreq  stm32l4xx_hal_rcc.o
    0x080020c8   0x080020c8   0x00000024   Code   RO         3219    i.HAL_RCC_GetPCLK1Freq  stm32l4xx_hal_rcc.o
    0x080020ec   0x080020ec   0x00000024   Code   RO         3220    i.HAL_RCC_GetPCLK2Freq  stm32l4xx_hal_rcc.o
    0x08002110   0x08002110   0x000000ec   Code   RO         3221    i.HAL_RCC_GetSysClockFreq  stm32l4xx_hal_rcc.o
    0x080021fc   0x080021fc   0x0000068c   Code   RO         3224    i.HAL_RCC_OscConfig  stm32l4xx_hal_rcc.o
    0x08002888   0x08002888   0x00000058   Code   RO         4857    i.HAL_RTCEx_EnableBypassShadow  stm32l4xx_hal_rtc_ex.o
    0x080028e0   0x080028e0   0x00000002   Code   RO         4882    i.HAL_RTCEx_WakeUpTimerEventCallback  stm32l4xx_hal_rtc_ex.o
    0x080028e2   0x080028e2   0x00000002   PAD
    0x080028e4   0x080028e4   0x00000038   Code   RO         4883    i.HAL_RTCEx_WakeUpTimerIRQHandler  stm32l4xx_hal_rtc_ex.o
    0x0800291c   0x0800291c   0x0000000a   Code   RO         7903    i.HAL_RTC_AlarmAEventCallback  smtc_hal_rtc.o
    0x08002926   0x08002926   0x00000106   Code   RO         4706    i.HAL_RTC_DeactivateAlarm  stm32l4xx_hal_rtc.o
    0x08002a2c   0x08002a2c   0x0000004c   Code   RO         4708    i.HAL_RTC_GetDate   stm32l4xx_hal_rtc.o
    0x08002a78   0x08002a78   0x0000005c   Code   RO         4710    i.HAL_RTC_GetTime   stm32l4xx_hal_rtc.o
    0x08002ad4   0x08002ad4   0x000000b4   Code   RO         4711    i.HAL_RTC_Init      stm32l4xx_hal_rtc.o
    0x08002b88   0x08002b88   0x0000002c   Code   RO         7905    i.HAL_RTC_MspInit   smtc_hal_rtc.o
    0x08002bb4   0x08002bb4   0x00000218   Code   RO         4716    i.HAL_RTC_SetAlarm_IT  stm32l4xx_hal_rtc.o
    0x08002dcc   0x08002dcc   0x000000cc   Code   RO         4717    i.HAL_RTC_SetDate   stm32l4xx_hal_rtc.o
    0x08002e98   0x08002e98   0x000000f8   Code   RO         4718    i.HAL_RTC_SetTime   stm32l4xx_hal_rtc.o
    0x08002f90   0x08002f90   0x00000038   Code   RO         4719    i.HAL_RTC_WaitForSynchro  stm32l4xx_hal_rtc.o
    0x08002fc8   0x08002fc8   0x00000036   Code   RO         1234    i.HAL_SPI_DeInit    stm32l4xx_hal_spi.o
    0x08002ffe   0x08002ffe   0x000000c0   Code   RO         1239    i.HAL_SPI_Init      stm32l4xx_hal_spi.o
    0x080030be   0x080030be   0x00000002   PAD
    0x080030c0   0x080030c0   0x000000ac   Code   RO         8083    i.HAL_SPI_MspDeInit  smtc_hal_spi.o
    0x0800316c   0x0800316c   0x00000114   Code   RO         8084    i.HAL_SPI_MspInit   smtc_hal_spi.o
    0x08003280   0x08003280   0x00000028   Code   RO         4245    i.HAL_SYSTICK_CLKSourceConfig  stm32l4xx_hal_cortex.o
    0x080032a8   0x080032a8   0x00000002   Code   RO         4246    i.HAL_SYSTICK_Callback  stm32l4xx_hal_cortex.o
    0x080032aa   0x080032aa   0x00000034   Code   RO         4247    i.HAL_SYSTICK_Config  stm32l4xx_hal_cortex.o
    0x080032de   0x080032de   0x00000008   Code   RO         4248    i.HAL_SYSTICK_IRQHandler  stm32l4xx_hal_cortex.o
    0x080032e6   0x080032e6   0x00000002   Code   RO         2914    i.HAL_UARTEx_WakeupCallback  stm32l4xx_hal_uart_ex.o
    0x080032e8   0x080032e8   0x00000042   Code   RO         2567    i.HAL_UART_DeInit   stm32l4xx_hal_uart.o
    0x0800332a   0x0800332a   0x00000002   Code   RO         2568    i.HAL_UART_ErrorCallback  stm32l4xx_hal_uart.o
    0x0800332c   0x0800332c   0x00000190   Code   RO         2571    i.HAL_UART_IRQHandler  stm32l4xx_hal_uart.o
    0x080034bc   0x080034bc   0x00000074   Code   RO         2572    i.HAL_UART_Init     stm32l4xx_hal_uart.o
    0x08003530   0x08003530   0x000000b4   Code   RO         8212    i.HAL_UART_MspDeInit  smtc_hal_uart.o
    0x080035e4   0x080035e4   0x00000198   Code   RO         8213    i.HAL_UART_MspInit  smtc_hal_uart.o
    0x0800377c   0x0800377c   0x000000d6   Code   RO         2580    i.HAL_UART_Transmit  stm32l4xx_hal_uart.o
    0x08003852   0x08003852   0x00000002   Code   RO         2583    i.HAL_UART_TxCpltCallback  stm32l4xx_hal_uart.o
    0x08003854   0x08003854   0x0000004c   Code   RO         7608    i.HardFault_Handler  smtc_hal_mcu.o
    0x080038a0   0x080038a0   0x00000028   Code   RO          508    i.I2C_Flush_TXDR    stm32l4xx_hal_i2c.o
    0x080038c8   0x080038c8   0x00000098   Code   RO          516    i.I2C_IsAcknowledgeFailed  stm32l4xx_hal_i2c.o
    0x08003960   0x08003960   0x0000007c   Code   RO          519    i.I2C_RequestMemoryRead  stm32l4xx_hal_i2c.o
    0x080039dc   0x080039dc   0x0000007c   Code   RO          520    i.I2C_RequestMemoryWrite  stm32l4xx_hal_i2c.o
    0x08003a58   0x08003a58   0x00000034   Code   RO          523    i.I2C_TransferConfig  stm32l4xx_hal_i2c.o
    0x08003a8c   0x08003a8c   0x0000005e   Code   RO          524    i.I2C_WaitOnFlagUntilTimeout  stm32l4xx_hal_i2c.o
    0x08003aea   0x08003aea   0x00000056   Code   RO          526    i.I2C_WaitOnSTOPFlagUntilTimeout  stm32l4xx_hal_i2c.o
    0x08003b40   0x08003b40   0x0000005a   Code   RO          527    i.I2C_WaitOnTXISFlagUntilTimeout  stm32l4xx_hal_i2c.o
    0x08003b9a   0x08003b9a   0x00000002   PAD
    0x08003b9c   0x08003b9c   0x00000028   Code   RO         8139    i.LPTIM1_IRQHandler  smtc_hal_tmr.o
    0x08003bc4   0x08003bc4   0x000001c2   Code   RO         1004    i.LPTIM_Disable     stm32l4xx_hal_lptim.o
    0x08003d86   0x08003d86   0x00000002   PAD
    0x08003d88   0x08003d88   0x00000064   Code   RO         7609    i.PVD_PVM_IRQHandler  smtc_hal_mcu.o
    0x08003dec   0x08003dec   0x0000018c   Code   RO         3332    i.RCCEx_PLLSAI1_Config  stm32l4xx_hal_rcc_ex.o
    0x08003f78   0x08003f78   0x00000164   Code   RO         3333    i.RCCEx_PLLSAI2_Config  stm32l4xx_hal_rcc_ex.o
    0x080040dc   0x080040dc   0x0000009c   Code   RO         3225    i.RCC_SetFlashLatencyFromMSIRange  stm32l4xx_hal_rcc.o
    0x08004178   0x08004178   0x00000040   Code   RO         7906    i.RTC_Alarm_IRQHandler  smtc_hal_rtc.o
    0x080041b8   0x080041b8   0x00000014   Code   RO         4720    i.RTC_Bcd2ToByte    stm32l4xx_hal_rtc.o
    0x080041cc   0x080041cc   0x0000001c   Code   RO         4721    i.RTC_ByteToBcd2    stm32l4xx_hal_rtc.o
    0x080041e8   0x080041e8   0x00000044   Code   RO         4722    i.RTC_EnterInitMode  stm32l4xx_hal_rtc.o
    0x0800422c   0x0800422c   0x00000068   Code   RO         4723    i.RTC_ExitInitMode  stm32l4xx_hal_rtc.o
    0x08004294   0x08004294   0x00000010   Code   RO         7907    i.RTC_WKUP_IRQHandler  smtc_hal_rtc.o
    0x080042a4   0x080042a4   0x0000000c   Code   RO         7610    i.SysTick_Handler   smtc_hal_mcu.o
    0x080042b0   0x080042b0   0x00000050   Code   RO         5088    i.SystemInit        system_stm32l4xx.o
    0x08004300   0x08004300   0x000000f8   Code   RO         2585    i.UART_AdvFeatureConfig  stm32l4xx_hal_uart.o
    0x080043f8   0x080043f8   0x0000006e   Code   RO         2586    i.UART_CheckIdleState  stm32l4xx_hal_uart.o
    0x08004466   0x08004466   0x00000018   Code   RO         2587    i.UART_DMAAbortOnError  stm32l4xx_hal_uart.o
    0x0800447e   0x0800447e   0x00000022   Code   RO         2597    i.UART_EndRxTransfer  stm32l4xx_hal_uart.o
    0x080044a0   0x080044a0   0x00000020   Code   RO         2598    i.UART_EndTransmit_IT  stm32l4xx_hal_uart.o
    0x080044c0   0x080044c0   0x0000048a   Code   RO         2602    i.UART_SetConfig    stm32l4xx_hal_uart.o
    0x0800494a   0x0800494a   0x00000068   Code   RO         2605    i.UART_WaitOnFlagUntilTimeout  stm32l4xx_hal_uart.o
    0x080049b2   0x080049b2   0x00000002   PAD
    0x080049b4   0x080049b4   0x00000010   Code   RO         8215    i.USART1_IRQHandler  smtc_hal_uart.o
    0x080049c4   0x080049c4   0x00000010   Code   RO         8216    i.USART2_IRQHandler  smtc_hal_uart.o
    0x080049d4   0x080049d4   0x00000010   Code   RO         8217    i.USART3_IRQHandler  smtc_hal_uart.o
    0x080049e4   0x080049e4   0x00000024   Code   RO         8459    i.__0vsprintf       mc_w.l(printfa.o)
    0x08004a08   0x08004a08   0x00000010   Code   RO         4249    i.__NVIC_GetPriorityGrouping  stm32l4xx_hal_cortex.o
    0x08004a18   0x08004a18   0x00000028   Code   RO         4250    i.__NVIC_SetPriority  stm32l4xx_hal_cortex.o
    0x08004a40   0x08004a40   0x0000000e   Code   RO         8538    i.__scatterload_copy  mc_w.l(handlers.o)
    0x08004a4e   0x08004a4e   0x00000002   Code   RO         8539    i.__scatterload_null  mc_w.l(handlers.o)
    0x08004a50   0x08004a50   0x0000000e   Code   RO         8540    i.__scatterload_zeroinit  mc_w.l(handlers.o)
    0x08004a5e   0x08004a5e   0x00000002   PAD
    0x08004a60   0x08004a60   0x0000018a   Code   RO         8460    i._fp_digits        mc_w.l(printfa.o)
    0x08004bea   0x08004bea   0x00000002   PAD
    0x08004bec   0x08004bec   0x000006ba   Code   RO         8461    i._printf_core      mc_w.l(printfa.o)
    0x080052a6   0x080052a6   0x00000024   Code   RO         8462    i._printf_post_padding  mc_w.l(printfa.o)
    0x080052ca   0x080052ca   0x0000002e   Code   RO         8463    i._printf_pre_padding  mc_w.l(printfa.o)
    0x080052f8   0x080052f8   0x0000000a   Code   RO         8465    i._sputc            mc_w.l(printfa.o)
    0x08005302   0x08005302   0x00000002   PAD
    0x08005304   0x08005304   0x00000018   Code   RO         5124    i.acc_get_raw_x     lis2de12.o
    0x0800531c   0x0800531c   0x00000018   Code   RO         5125    i.acc_get_raw_y     lis2de12.o
    0x08005334   0x08005334   0x00000018   Code   RO         5126    i.acc_get_raw_z     lis2de12.o
    0x0800534c   0x0800534c   0x0000001a   Code   RO         5127    i.acc_get_temperature  lis2de12.o
    0x08005366   0x08005366   0x00000002   PAD
    0x08005368   0x08005368   0x00000074   Code   RO         5128    i.acc_read_raw_data  lis2de12.o
    0x080053dc   0x080053dc   0x0000013c   Code   RO         5129    i.accelerometer_init  lis2de12.o
    0x08005518   0x08005518   0x00000018   Code   RO         5130    i.accelerometer_irq1_init  lis2de12.o
    0x08005530   0x08005530   0x000000b0   Code   RO           14    i.add_payload_in_streaming_fifo  main_tracker.o
    0x080055e0   0x080055e0   0x000003dc   Code   RO           15    i.build_and_stream_payload  main_tracker.o
    0x080059bc   0x080059bc   0x00000012   Code   RO         5879    i.external_supply_deinit  external_supply.o
    0x080059ce   0x080059ce   0x00000014   Code   RO         5880    i.external_supply_init  external_supply.o
    0x080059e2   0x080059e2   0x00000002   PAD
    0x080059e4   0x080059e4   0x0000000c   Code   RO         5131    i.get_accelerometer_irq1_state  lis2de12.o
    0x080059f0   0x080059f0   0x0000001c   Code   RO           16    i.gnss_init         main_tracker.o
    0x08005a0c   0x08005a0c   0x0000003c   Code   RO         6068    i.gnss_scan_configure  gnss_scan.o
    0x08005a48   0x08005a48   0x00000100   Code   RO         6069    i.gnss_scan_display_results  gnss_scan.o
    0x08005b48   0x08005b48   0x00000104   Code   RO         6070    i.gnss_scan_execute  gnss_scan.o
    0x08005c4c   0x08005c4c   0x00000048   Code   RO         6071    i.gnss_scan_init    gnss_scan.o
    0x08005c94   0x08005c94   0x00000018   Code   RO         6072    i.gnss_scan_set_type  gnss_scan.o
    0x08005cac   0x08005cac   0x00000028   Code   RO         7379    i.hal_gpio_deinit   smtc_hal_gpio.o
    0x08005cd4   0x08005cd4   0x0000002a   Code   RO         7380    i.hal_gpio_get_value  smtc_hal_gpio.o
    0x08005cfe   0x08005cfe   0x00000002   PAD
    0x08005d00   0x08005d00   0x000001fc   Code   RO         7381    i.hal_gpio_init     smtc_hal_gpio.o
    0x08005efc   0x08005efc   0x00000054   Code   RO         7382    i.hal_gpio_init_in  smtc_hal_gpio.o
    0x08005f50   0x08005f50   0x00000030   Code   RO         7383    i.hal_gpio_init_out  smtc_hal_gpio.o
    0x08005f80   0x08005f80   0x00000018   Code   RO         7384    i.hal_gpio_irq_attach  smtc_hal_gpio.o
    0x08005f98   0x08005f98   0x0000002e   Code   RO         7389    i.hal_gpio_set_value  smtc_hal_gpio.o
    0x08005fc6   0x08005fc6   0x00000002   PAD
    0x08005fc8   0x08005fc8   0x00000020   Code   RO         7524    i.hal_i2c_deinit    smtc_hal_i2c.o
    0x08005fe8   0x08005fe8   0x00000120   Code   RO         7525    i.hal_i2c_init      smtc_hal_i2c.o
    0x08006108   0x08006108   0x00000024   Code   RO         7527    i.hal_i2c_read_buffer  smtc_hal_i2c.o
    0x0800612c   0x0800612c   0x0000003c   Code   RO         7529    i.hal_i2c_write_buffer  smtc_hal_i2c.o
    0x08006168   0x08006168   0x0000000c   Code   RO         7611    i.hal_mcu_critical_section_begin  smtc_hal_mcu.o
    0x08006174   0x08006174   0x0000000a   Code   RO         7612    i.hal_mcu_critical_section_end  smtc_hal_mcu.o
    0x0800617e   0x0800617e   0x00000002   PAD
    0x08006180   0x08006180   0x00000020   Code   RO         7613    i.hal_mcu_deinit    smtc_hal_mcu.o
    0x080061a0   0x080061a0   0x00000012   Code   RO         7614    i.hal_mcu_deinit_periph  smtc_hal_mcu.o
    0x080061b2   0x080061b2   0x00000002   PAD
    0x080061b4   0x080061b4   0x00000044   Code   RO         7621    i.hal_mcu_gpio_deinit  smtc_hal_mcu.o
    0x080061f8   0x080061f8   0x00000098   Code   RO         7622    i.hal_mcu_gpio_init  smtc_hal_mcu.o
    0x08006290   0x08006290   0x0000004c   Code   RO         7623    i.hal_mcu_init      smtc_hal_mcu.o
    0x080062dc   0x080062dc   0x00000014   Code   RO         7624    i.hal_mcu_init_periph  smtc_hal_mcu.o
    0x080062f0   0x080062f0   0x00000024   Code   RO         7625    i.hal_mcu_init_software_watchdog  smtc_hal_mcu.o
    0x08006314   0x08006314   0x00000010   Code   RO         7626    i.hal_mcu_low_power_handler  smtc_hal_mcu.o
    0x08006324   0x08006324   0x00000030   Code   RO         7627    i.hal_mcu_lpm_enter_stop_mode  smtc_hal_mcu.o
    0x08006354   0x08006354   0x00000024   Code   RO         7628    i.hal_mcu_lpm_exit_stop_mode  smtc_hal_mcu.o
    0x08006378   0x08006378   0x00000070   Code   RO         7629    i.hal_mcu_panic     smtc_hal_mcu.o
    0x080063e8   0x080063e8   0x0000000c   Code   RO         7630    i.hal_mcu_partial_sleep_enable  smtc_hal_mcu.o
    0x080063f4   0x080063f4   0x0000002c   Code   RO         7631    i.hal_mcu_pvd_config  smtc_hal_mcu.o
    0x08006420   0x08006420   0x00000034   Code   RO         7632    i.hal_mcu_reinit    smtc_hal_mcu.o
    0x08006454   0x08006454   0x0000000e   Code   RO         7633    i.hal_mcu_reinit_periph  smtc_hal_mcu.o
    0x08006462   0x08006462   0x00000002   PAD
    0x08006464   0x08006464   0x00000048   Code   RO         7634    i.hal_mcu_reset     smtc_hal_mcu.o
    0x080064ac   0x080064ac   0x00000010   Code   RO         7635    i.hal_mcu_reset_software_watchdog  smtc_hal_mcu.o
    0x080064bc   0x080064bc   0x000000ec   Code   RO         7638    i.hal_mcu_system_clock_config  smtc_hal_mcu.o
    0x080065a8   0x080065a8   0x000000cc   Code   RO         7639    i.hal_mcu_system_clock_re_config_after_stop  smtc_hal_mcu.o
    0x08006674   0x08006674   0x0000001a   Code   RO         7640    i.hal_mcu_trace_print  smtc_hal_mcu.o
    0x0800668e   0x0800668e   0x0000002e   Code   RO         7909    i.hal_rtc_get_calendar_time  smtc_hal_rtc.o
    0x080066bc   0x080066bc   0x00000004   Code   RO         7910    i.hal_rtc_get_minimum_timeout  smtc_hal_rtc.o
    0x080066c0   0x080066c0   0x00000022   Code   RO         7911    i.hal_rtc_get_time_ms  smtc_hal_rtc.o
    0x080066e2   0x080066e2   0x00000002   PAD
    0x080066e4   0x080066e4   0x0000000c   Code   RO         7912    i.hal_rtc_get_time_ref_in_ticks  smtc_hal_rtc.o
    0x080066f0   0x080066f0   0x0000001c   Code   RO         7914    i.hal_rtc_get_timer_elapsed_value  smtc_hal_rtc.o
    0x0800670c   0x0800670c   0x000000b4   Code   RO         7916    i.hal_rtc_init      smtc_hal_rtc.o
    0x080067c0   0x080067c0   0x00000018   Code   RO         7917    i.hal_rtc_ms_2_tick  smtc_hal_rtc.o
    0x080067d8   0x080067d8   0x0000001c   Code   RO         7920    i.hal_rtc_set_time_ref_in_ticks  smtc_hal_rtc.o
    0x080067f4   0x080067f4   0x00000180   Code   RO         7921    i.hal_rtc_start_alarm  smtc_hal_rtc.o
    0x08006974   0x08006974   0x00000034   Code   RO         7922    i.hal_rtc_stop_alarm  smtc_hal_rtc.o
    0x080069a8   0x080069a8   0x0000001e   Code   RO         7925    i.hal_rtc_tick_2_ms  smtc_hal_rtc.o
    0x080069c6   0x080069c6   0x00000002   PAD
    0x080069c8   0x080069c8   0x0000001c   Code   RO         8085    i.hal_spi_deinit    smtc_hal_spi.o
    0x080069e4   0x080069e4   0x00000068   Code   RO         8086    i.hal_spi_in_out    smtc_hal_spi.o
    0x08006a4c   0x08006a4c   0x0000010c   Code   RO         8087    i.hal_spi_init      smtc_hal_spi.o
    0x08006b58   0x08006b58   0x00000048   Code   RO         8141    i.hal_tmr_init      smtc_hal_tmr.o
    0x08006ba0   0x08006ba0   0x0000001c   Code   RO         8218    i.hal_uart_deinit   smtc_hal_uart.o
    0x08006bbc   0x08006bbc   0x000000dc   Code   RO         8219    i.hal_uart_init     smtc_hal_uart.o
    0x08006c98   0x08006c98   0x0000002c   Code   RO         8221    i.hal_uart_tx       smtc_hal_uart.o
    0x08006cc4   0x08006cc4   0x0000006a   Code   RO         7530    i.i2c_read_buffer   smtc_hal_i2c.o
    0x08006d2e   0x08006d2e   0x00000002   PAD
    0x08006d30   0x08006d30   0x0000006a   Code   RO         7532    i.i2c_write_buffer  smtc_hal_i2c.o
    0x08006d9a   0x08006d9a   0x00000092   Code   RO         7082    i.interpret_basic_complete_result_from_buffer  lr1110_modem_wifi.o
    0x08006e2c   0x08006e2c   0x00000052   Code   RO         7083    i.interpret_basic_mac_type_channel_result_from_buffer  lr1110_modem_wifi.o
    0x08006e7e   0x08006e7e   0x00000002   PAD
    0x08006e80   0x08006e80   0x00000038   Code   RO         5132    i.is_accelerometer_detected_moved  lis2de12.o
    0x08006eb8   0x08006eb8   0x00000030   Code   RO           17    i.is_next_scan_possible  main_tracker.o
    0x08006ee8   0x08006ee8   0x0000001c   Code   RO           18    i.is_tracker_in_static_mode  main_tracker.o
    0x08006f04   0x08006f04   0x000000cc   Code   RO           19    i.join_network      main_tracker.o
    0x08006fd0   0x08006fd0   0x0000003e   Code   RO         5825    i.leds_blink        leds.o
    0x0800700e   0x0800700e   0x00000010   Code   RO         5826    i.leds_deinit       leds.o
    0x0800701e   0x0800701e   0x00000014   Code   RO         5827    i.leds_init         leds.o
    0x08007032   0x08007032   0x00000022   Code   RO         5828    i.leds_off          leds.o
    0x08007054   0x08007054   0x00000022   Code   RO         5829    i.leds_on           leds.o
    0x08007076   0x08007076   0x00000014   Code   RO         5134    i.lis2de12_acceleration_raw_get  lis2de12.o
    0x0800708a   0x0800708a   0x00000014   Code   RO         5135    i.lis2de12_acceleration_raw_get_x  lis2de12.o
    0x0800709e   0x0800709e   0x00000014   Code   RO         5136    i.lis2de12_acceleration_raw_get_y  lis2de12.o
    0x080070b2   0x080070b2   0x00000014   Code   RO         5137    i.lis2de12_acceleration_raw_get_z  lis2de12.o
    0x080070c6   0x080070c6   0x00000034   Code   RO         5143    i.lis2de12_block_data_update_set  lis2de12.o
    0x080070fa   0x080070fa   0x00000038   Code   RO         5147    i.lis2de12_data_rate_set  lis2de12.o
    0x08007132   0x08007132   0x00000014   Code   RO         5148    i.lis2de12_device_id_get  lis2de12.o
    0x08007146   0x08007146   0x0000002c   Code   RO         5156    i.lis2de12_fifo_mode_set  lis2de12.o
    0x08007172   0x08007172   0x00000002   PAD
    0x08007174   0x08007174   0x00000020   Code   RO         5167    i.lis2de12_from_fs2_to_mg  lis2de12.o
    0x08007194   0x08007194   0x0000002c   Code   RO         5172    i.lis2de12_full_scale_set  lis2de12.o
    0x080071c0   0x080071c0   0x0000002c   Code   RO         5176    i.lis2de12_high_pass_int_conf_set  lis2de12.o
    0x080071ec   0x080071ec   0x00000014   Code   RO         5182    i.lis2de12_int1_gen_conf_set  lis2de12.o
    0x08007200   0x08007200   0x0000002c   Code   RO         5184    i.lis2de12_int1_gen_duration_set  lis2de12.o
    0x0800722c   0x0800722c   0x00000014   Code   RO         5185    i.lis2de12_int1_gen_source_get  lis2de12.o
    0x08007240   0x08007240   0x0000002c   Code   RO         5187    i.lis2de12_int1_gen_threshold_set  lis2de12.o
    0x0800726c   0x0800726c   0x0000000c   Code   RO         5188    i.lis2de12_int1_irq_handler  lis2de12.o
    0x08007278   0x08007278   0x0000002c   Code   RO         5192    i.lis2de12_int1_pin_notification_mode_set  lis2de12.o
    0x080072a4   0x080072a4   0x00000014   Code   RO         5205    i.lis2de12_pin_int1_config_set  lis2de12.o
    0x080072b8   0x080072b8   0x00000022   Code   RO         5212    i.lis2de12_read_reg  lis2de12.o
    0x080072da   0x080072da   0x0000001e   Code   RO         5228    i.lis2de12_temp_data_ready_get  lis2de12.o
    0x080072f8   0x080072f8   0x0000002c   Code   RO         5231    i.lis2de12_temperature_meas_set  lis2de12.o
    0x08007324   0x08007324   0x00000032   Code   RO         5232    i.lis2de12_temperature_raw_get  lis2de12.o
    0x08007356   0x08007356   0x00000022   Code   RO         5233    i.lis2de12_write_reg  lis2de12.o
    0x08007378   0x08007378   0x0000001e   Code   RO         5235    i.lis2de12_xl_data_ready_get  lis2de12.o
    0x08007396   0x08007396   0x0000000c   Code   RO         5881    i.lna_off           external_supply.o
    0x080073a2   0x080073a2   0x0000000c   Code   RO         5882    i.lna_on            external_supply.o
    0x080073ae   0x080073ae   0x00000002   PAD
    0x080073b0   0x080073b0   0x000000a0   Code   RO           20    i.lorawan_init      main_tracker.o
    0x08007450   0x08007450   0x00000130   Code   RO         5953    i.lr1110_display_wifi_scan_results  wifi_scan.o
    0x08007580   0x08007580   0x00000028   Code   RO         6536    i.lr1110_modem_activate_duty_cycle  lr1110_modem_lorawan.o
    0x080075a8   0x080075a8   0x0000003c   Code   RO           21    i.lr1110_modem_adr_mobile_to_static  main_tracker.o
    0x080075e4   0x080075e4   0x00000154   Code   RO           22    i.lr1110_modem_alarm  main_tracker.o
    0x08007738   0x08007738   0x00000054   Code   RO         7195    i.lr1110_modem_board_deinit_io  lr1110-modem-board.o
    0x0800778c   0x0800778c   0x00000018   Code   RO         7197    i.lr1110_modem_board_get_systime_from_gps  lr1110-modem-board.o
    0x080077a4   0x080077a4   0x00000006   Code   RO         7198    i.lr1110_modem_board_get_tcxo_wakeup_time  lr1110-modem-board.o
    0x080077aa   0x080077aa   0x00000070   Code   RO         7199    i.lr1110_modem_board_init  lr1110-modem-board.o
    0x0800781a   0x0800781a   0x00000038   Code   RO         7200    i.lr1110_modem_board_init_io  lr1110-modem-board.o
    0x08007852   0x08007852   0x00000002   PAD
    0x08007854   0x08007854   0x00000034   Code   RO         7201    i.lr1110_modem_board_init_io_context  lr1110-modem-board.o
    0x08007888   0x08007888   0x00000048   Code   RO         7202    i.lr1110_modem_board_init_tcxo_io  lr1110-modem-board.o
    0x080078d0   0x080078d0   0x0000000c   Code   RO         7203    i.lr1110_modem_board_is_ready  lr1110-modem-board.o
    0x080078dc   0x080078dc   0x00000008   Code   RO         7204    i.lr1110_modem_board_lna_off  lr1110-modem-board.o
    0x080078e4   0x080078e4   0x00000008   Code   RO         7205    i.lr1110_modem_board_lna_on  lr1110-modem-board.o
    0x080078ec   0x080078ec   0x00000016   Code   RO         7206    i.lr1110_modem_board_read_event_line  lr1110-modem-board.o
    0x08007902   0x08007902   0x00000002   PAD
    0x08007904   0x08007904   0x0000000c   Code   RO         7207    i.lr1110_modem_board_set_ready  lr1110-modem-board.o
    0x08007910   0x08007910   0x00000038   Code   RO         6194    i.lr1110_modem_compute_crc  lr1110_modem_hal.o
    0x08007948   0x08007948   0x00000022   Code   RO         6537    i.lr1110_modem_derive_keys  lr1110_modem_lorawan.o
    0x0800796a   0x0800796a   0x00000002   PAD
    0x0800796c   0x0800796c   0x00000148   Code   RO           23    i.lr1110_modem_down_data  main_tracker.o
    0x08007ab4   0x08007ab4   0x000002ac   Code   RO         6143    i.lr1110_modem_event_process  lr1110.o
    0x08007d60   0x08007d60   0x00000008   Code   RO         7084    i.lr1110_modem_extract_channel_from_info_byte  lr1110_modem_wifi.o
    0x08007d68   0x08007d68   0x00000008   Code   RO         7085    i.lr1110_modem_extract_signal_type_from_data_rate_info  lr1110_modem_wifi.o
    0x08007d70   0x08007d70   0x00000024   Code   RO         6539    i.lr1110_modem_get_adr_profile  lr1110_modem_lorawan.o
    0x08007d94   0x08007d94   0x0000004a   Code   RO         6543    i.lr1110_modem_get_charge  lr1110_modem_lorawan.o
    0x08007dde   0x08007dde   0x00000042   Code   RO         6544    i.lr1110_modem_get_chip_eui  lr1110_modem_lorawan.o
    0x08007e20   0x08007e20   0x00000042   Code   RO         6548    i.lr1110_modem_get_dev_eui  lr1110_modem_lorawan.o
    0x08007e62   0x08007e62   0x00000068   Code   RO         6553    i.lr1110_modem_get_event  lr1110_modem_lorawan.o
    0x08007eca   0x08007eca   0x0000003a   Code   RO         6554    i.lr1110_modem_get_event_size  lr1110_modem_lorawan.o
    0x08007f04   0x08007f04   0x0000004a   Code   RO         6555    i.lr1110_modem_get_gps_time  lr1110_modem_lorawan.o
    0x08007f4e   0x08007f4e   0x00000042   Code   RO         6556    i.lr1110_modem_get_join_eui  lr1110_modem_lorawan.o
    0x08007f90   0x08007f90   0x0000004a   Code   RO         6559    i.lr1110_modem_get_pin  lr1110_modem_lorawan.o
    0x08007fda   0x08007fda   0x00000024   Code   RO         6561    i.lr1110_modem_get_status  lr1110_modem_lorawan.o
    0x08007ffe   0x08007ffe   0x0000007c   Code   RO         6563    i.lr1110_modem_get_version  lr1110_modem_lorawan.o
    0x0800807a   0x0800807a   0x00000072   Code   RO         6401    i.lr1110_modem_gnss_get_detected_satellites  lr1110_modem_gnss.o
    0x080080ec   0x080080ec   0x00000028   Code   RO         6402    i.lr1110_modem_gnss_get_nb_detected_satellites  lr1110_modem_gnss.o
    0x08008114   0x08008114   0x00000024   Code   RO         6405    i.lr1110_modem_gnss_push_solver_msg  lr1110_modem_gnss.o
    0x08008138   0x08008138   0x00000034   Code   RO         6413    i.lr1110_modem_gnss_scan_assisted_md  lr1110_modem_gnss.o
    0x0800816c   0x0800816c   0x00000034   Code   RO         6414    i.lr1110_modem_gnss_scan_autonomous_md  lr1110_modem_gnss.o
    0x080081a0   0x080081a0   0x00000028   Code   RO         6073    i.lr1110_modem_gnss_scan_done  gnss_scan.o
    0x080081c8   0x080081c8   0x00000084   Code   RO         6416    i.lr1110_modem_gnss_set_assistance_position  lr1110_modem_gnss.o
    0x0800824c   0x0800824c   0x00000026   Code   RO         6417    i.lr1110_modem_gnss_set_constellations_to_use  lr1110_modem_gnss.o
    0x08008272   0x08008272   0x00000108   Code   RO         6196    i.lr1110_modem_hal_read  lr1110_modem_hal.o
    0x0800837a   0x0800837a   0x00000002   PAD
    0x0800837c   0x0800837c   0x00000074   Code   RO         6197    i.lr1110_modem_hal_reset  lr1110_modem_hal.o
    0x080083f0   0x080083f0   0x00000034   Code   RO         6198    i.lr1110_modem_hal_wait_on_busy  lr1110_modem_hal.o
    0x08008424   0x08008424   0x00000034   Code   RO         6199    i.lr1110_modem_hal_wait_on_unbusy  lr1110_modem_hal.o
    0x08008458   0x08008458   0x00000030   Code   RO         6200    i.lr1110_modem_hal_wakeup  lr1110_modem_hal.o
    0x08008488   0x08008488   0x00000124   Code   RO         6201    i.lr1110_modem_hal_write  lr1110_modem_hal.o
    0x080085ac   0x080085ac   0x00000022   Code   RO         6564    i.lr1110_modem_join  lr1110_modem_lorawan.o
    0x080085ce   0x080085ce   0x00000002   PAD
    0x080085d0   0x080085d0   0x00000060   Code   RO           24    i.lr1110_modem_join_fail  main_tracker.o
    0x08008630   0x08008630   0x000000b0   Code   RO           25    i.lr1110_modem_mute  main_tracker.o
    0x080086e0   0x080086e0   0x00000070   Code   RO           26    i.lr1110_modem_network_joined  main_tracker.o
    0x08008750   0x08008750   0x00000064   Code   RO           27    i.lr1110_modem_new_link_adr  main_tracker.o
    0x080087b4   0x080087b4   0x00000060   Code   RO           28    i.lr1110_modem_no_event  main_tracker.o
    0x08008814   0x08008814   0x00000084   Code   RO           29    i.lr1110_modem_reset_event  main_tracker.o
    0x08008898   0x08008898   0x0000002e   Code   RO         6573    i.lr1110_modem_send_stream_data  lr1110_modem_lorawan.o
    0x080088c6   0x080088c6   0x00000034   Code   RO         6574    i.lr1110_modem_set_adr_profile  lr1110_modem_lorawan.o
    0x080088fa   0x080088fa   0x0000003c   Code   RO         6575    i.lr1110_modem_set_alarm_timer  lr1110_modem_lorawan.o
    0x08008936   0x08008936   0x00000028   Code   RO         6576    i.lr1110_modem_set_alc_sync_mode  lr1110_modem_lorawan.o
    0x0800895e   0x0800895e   0x00000028   Code   RO         6581    i.lr1110_modem_set_class  lr1110_modem_lorawan.o
    0x08008986   0x08008986   0x00000002   PAD
    0x08008988   0x08008988   0x00000070   Code   RO           30    i.lr1110_modem_set_conf  main_tracker.o
    0x080089f8   0x080089f8   0x0000003a   Code   RO         6583    i.lr1110_modem_set_dev_eui  lr1110_modem_lorawan.o
    0x08008a32   0x08008a32   0x00000042   Code   RO         6584    i.lr1110_modem_set_dm_info_field  lr1110_modem_lorawan.o
    0x08008a74   0x08008a74   0x00000032   Code   RO         6585    i.lr1110_modem_set_dm_info_interval  lr1110_modem_lorawan.o
    0x08008aa6   0x08008aa6   0x0000003a   Code   RO         6588    i.lr1110_modem_set_join_eui  lr1110_modem_lorawan.o
    0x08008ae0   0x08008ae0   0x00000028   Code   RO         6589    i.lr1110_modem_set_region  lr1110_modem_lorawan.o
    0x08008b08   0x08008b08   0x00000028   Code   RO         6590    i.lr1110_modem_set_rf_output  lr1110_modem_lorawan.o
    0x08008b30   0x08008b30   0x00000084   Code   RO           31    i.lr1110_modem_stream_done  main_tracker.o
    0x08008bb4   0x08008bb4   0x0000002e   Code   RO         6592    i.lr1110_modem_stream_init  lr1110_modem_lorawan.o
    0x08008be2   0x08008be2   0x0000004e   Code   RO         6593    i.lr1110_modem_stream_status  lr1110_modem_lorawan.o
    0x08008c30   0x08008c30   0x00000056   Code   RO         7026    i.lr1110_modem_system_set_dio_as_rf_switch  lr1110_modem_system.o
    0x08008c86   0x08008c86   0x00000028   Code   RO         7027    i.lr1110_modem_system_set_reg_mode  lr1110_modem_system.o
    0x08008cae   0x08008cae   0x0000003c   Code   RO         7028    i.lr1110_modem_system_set_tcxo_mode  lr1110_modem_system.o
    0x08008cea   0x08008cea   0x00000002   PAD
    0x08008cec   0x08008cec   0x00000110   Code   RO           32    i.lr1110_modem_time_updated_alc_sync  main_tracker.o
    0x08008dfc   0x08008dfc   0x00000028   Code   RO         7086    i.lr1110_modem_wifi_cfg_hardware_debarker  lr1110_modem_wifi.o
    0x08008e24   0x08008e24   0x0000007a   Code   RO         7088    i.lr1110_modem_wifi_passive_scan  lr1110_modem_wifi.o
    0x08008e9e   0x08008e9e   0x00000022   Code   RO         7090    i.lr1110_modem_wifi_read_basic_results  lr1110_modem_wifi.o
    0x08008ec0   0x08008ec0   0x00000022   Code   RO         7091    i.lr1110_modem_wifi_read_complete_results  lr1110_modem_wifi.o
    0x08008ee2   0x08008ee2   0x000000ae   Code   RO         7092    i.lr1110_modem_wifi_read_cumulative_timing  lr1110_modem_wifi.o
    0x08008f90   0x08008f90   0x00000022   Code   RO         7094    i.lr1110_modem_wifi_reset_cumulative_timing  lr1110_modem_wifi.o
    0x08008fb2   0x08008fb2   0x00000002   PAD
    0x08008fb4   0x08008fb4   0x00000028   Code   RO         5954    i.lr1110_modem_wifi_scan_done  wifi_scan.o
    0x08008fdc   0x08008fdc   0x00000018   Code   RO         7097    i.lr1110_wifi_read_mac_address_from_buffer  lr1110_modem_wifi.o
    0x08008ff4   0x08008ff4   0x000009e4   Code   RO           33    i.main              main_tracker.o
    0x080099d8   0x080099d8   0x00000150   Code   RO           34    i.modem_status_to_string  main_tracker.o
    0x08009b28   0x08009b28   0x0000000c   Code   RO         6074    i.on_gnss_scan_timeout_event  gnss_scan.o
    0x08009b34   0x08009b34   0x00000018   Code   RO           35    i.on_led_rx_timer_event  main_tracker.o
    0x08009b4c   0x08009b4c   0x00000018   Code   RO           36    i.on_led_tx_timer_event  main_tracker.o
    0x08009b64   0x08009b64   0x0000000c   Code   RO         6202    i.on_lr1110_modem_reset_timeout_event  lr1110_modem_hal.o
    0x08009b70   0x08009b70   0x00000064   Code   RO         7642    i.on_soft_watchdog_event  smtc_hal_mcu.o
    0x08009bd4   0x08009bd4   0x0000000c   Code   RO         5955    i.on_wifi_scan_timeout_event  wifi_scan.o
    0x08009be0   0x08009be0   0x0000008c   Code   RO           37    i.parse_frame       main_tracker.o
    0x08009c6c   0x08009c6c   0x00000050   Code   RO           38    i.print_hex_buffer  main_tracker.o
    0x08009cbc   0x08009cbc   0x000000e8   Code   RO           39    i.print_lorawan_keys  main_tracker.o
    0x08009da4   0x08009da4   0x00000002   Code   RO         6144    i.radio_event_callback  lr1110.o
    0x08009da6   0x08009da6   0x00000002   PAD
    0x08009da8   0x08009da8   0x0000000c   Code   RO         6145    i.radio_event_init  lr1110.o
    0x08009db4   0x08009db4   0x00000028   Code   RO         7317    i.rand1             utilities.o
    0x08009ddc   0x08009ddc   0x0000001a   Code   RO         7318    i.randr             utilities.o
    0x08009df6   0x08009df6   0x00000002   PAD
    0x08009df8   0x08009df8   0x000000d8   Code   RO         7928    i.rtc_get_timestamp_in_ticks  smtc_hal_rtc.o
    0x08009ed0   0x08009ed0   0x00000020   Code   RO         8327    i.timer_exists      smtc_hal_tmr_list.o
    0x08009ef0   0x08009ef0   0x00000012   Code   RO         8329    i.timer_init        smtc_hal_tmr_list.o
    0x08009f02   0x08009f02   0x00000002   PAD
    0x08009f04   0x08009f04   0x00000020   Code   RO         8330    i.timer_insert_new_head_timer  smtc_hal_tmr_list.o
    0x08009f24   0x08009f24   0x00000034   Code   RO         8331    i.timer_insert_timer  smtc_hal_tmr_list.o
    0x08009f58   0x08009f58   0x000000bc   Code   RO         8332    i.timer_irq_handler  smtc_hal_tmr_list.o
    0x0800a014   0x0800a014   0x00000012   Code   RO         8334    i.timer_reset       smtc_hal_tmr_list.o
    0x0800a026   0x0800a026   0x0000002a   Code   RO         8336    i.timer_set_timeout  smtc_hal_tmr_list.o
    0x0800a050   0x0800a050   0x0000002c   Code   RO         8337    i.timer_set_value   smtc_hal_tmr_list.o
    0x0800a07c   0x0800a07c   0x00000070   Code   RO         8338    i.timer_start       smtc_hal_tmr_list.o
    0x0800a0ec   0x0800a0ec   0x000000b0   Code   RO         8339    i.timer_stop        smtc_hal_tmr_list.o
    0x0800a19c   0x0800a19c   0x000000b4   Code   RO         5921    i.tracker_init_app_ctx  tracker_utility.o
    0x0800a250   0x0800a250   0x000000c0   Code   RO           40    i.tracker_run_gnss_scan  main_tracker.o
    0x0800a310   0x0800a310   0x00000070   Code   RO           41    i.tracker_run_wifi_scan  main_tracker.o
    0x0800a380   0x0800a380   0x00000010   Code   RO         7098    i.uint16_from_array  lr1110_modem_wifi.o
    0x0800a390   0x0800a390   0x00000074   Code   RO         7099    i.uint64_from_array  lr1110_modem_wifi.o
    0x0800a404   0x0800a404   0x0000002a   Code   RO         7643    i.vprint            smtc_hal_mcu.o
    0x0800a42e   0x0800a42e   0x0000009c   Code   RO         5956    i.wifi_add_basic_mac_to_results  wifi_scan.o
    0x0800a4ca   0x0800a4ca   0x000000b2   Code   RO         5957    i.wifi_add_complete_mac_to_results  wifi_scan.o
    0x0800a57c   0x0800a57c   0x0000004e   Code   RO         5958    i.wifi_compute_consumption  wifi_scan.o
    0x0800a5ca   0x0800a5ca   0x00000002   PAD
    0x0800a5cc   0x0800a5cc   0x00000068   Code   RO         5959    i.wifi_configure    wifi_scan.o
    0x0800a634   0x0800a634   0x0000017c   Code   RO         5960    i.wifi_execute_scan  wifi_scan.o
    0x0800a7b0   0x0800a7b0   0x00000044   Code   RO         5961    i.wifi_init         wifi_scan.o
    0x0800a7f4   0x0800a7f4   0x00000048   Data   RO         5089    .constdata          system_stm32l4xx.o
    0x0800a83c   0x0800a83c   0x00000044   Data   RO         7392    .constdata          smtc_hal_gpio.o
    0x0800a880   0x0800a880   0x0000003c   Data   RO         7533    .constdata          smtc_hal_i2c.o
    0x0800a8bc   0x0800a8bc   0x0000000e   Data   RO         7645    .constdata          smtc_hal_mcu.o
    0x0800a8ca   0x0800a8ca   0x00000018   Data   RO         7930    .constdata          smtc_hal_rtc.o
    0x0800a8e2   0x0800a8e2   0x00000002   PAD
    0x0800a8e4   0x0800a8e4   0x00000028   Data   RO         8088    .constdata          smtc_hal_spi.o
    0x0800a90c   0x0800a90c   0x0000003c   Data   RO         8222    .constdata          smtc_hal_uart.o
    0x0800a948   0x0800a948   0x0000000c   Data   RO         8442    .constdata          mc_w.l(localtime.o)
    0x0800a954   0x0800a954   0x00000087   Data   RO           44    .conststring        main_tracker.o
    0x0800a9db   0x0800a9db   0x00000001   PAD
    0x0800a9dc   0x0800a9dc   0x00000020   Data   RO         8536    Region$$Table       anon$$obj.o


    Execution Region RW_IRAM1 (Exec base: 0x20000000, Load base: 0x0800a9fc, Size: 0x00001dd8, Max: 0x00018000, ABSOLUTE, COMPRESSED[0x00000058])

    Exec Addr    Load Addr    Size         Type   Attr      Idx    E Section Name        Object

    0x20000000   COMPRESSED   0x0000001d   Data   RW           45    .data               main_tracker.o
    0x2000001d   COMPRESSED   0x00000003   PAD
    0x20000020   COMPRESSED   0x0000000c   Data   RW         3013    .data               stm32l4xx_hal.o
    0x2000002c   COMPRESSED   0x00000004   Data   RW         5090    .data               system_stm32l4xx.o
    0x20000030   COMPRESSED   0x00000014   Data   RW         5237    .data               lis2de12.o
    0x20000044   COMPRESSED   0x00000001   Data   RW         5963    .data               wifi_scan.o
    0x20000045   COMPRESSED   0x00000002   Data   RW         6076    .data               gnss_scan.o
    0x20000047   COMPRESSED   0x00000001   PAD
    0x20000048   COMPRESSED   0x00000004   Data   RW         6146    .data               lr1110.o
    0x2000004c   COMPRESSED   0x00000001   Data   RW         6204    .data               lr1110_modem_hal.o
    0x2000004d   COMPRESSED   0x00000001   Data   RW         7209    .data               lr1110-modem-board.o
    0x2000004e   COMPRESSED   0x00000002   PAD
    0x20000050   COMPRESSED   0x00000004   Data   RW         7320    .data               utilities.o
    0x20000054   COMPRESSED   0x000000fd   Data   RW         7534    .data               smtc_hal_i2c.o
    0x20000151   COMPRESSED   0x00000003   Data   RW         7646    .data               smtc_hal_mcu.o
    0x20000154   COMPRESSED   0x000000e0   Data   RW         8089    .data               smtc_hal_spi.o
    0x20000234   COMPRESSED   0x00000008   Data   RW         8147    .data               smtc_hal_tmr.o
    0x2000023c   COMPRESSED   0x00000199   Data   RW         8223    .data               smtc_hal_uart.o
    0x200003d5   COMPRESSED   0x00000003   PAD
    0x200003d8   COMPRESSED   0x00000004   Data   RW         8341    .data               smtc_hal_tmr_list.o
    0x200003dc        -       0x00000030   Zero   RW           42    .bss                main_tracker.o
    0x2000040c        -       0x0000000c   Zero   RW         5236    .bss                lis2de12.o
    0x20000418        -       0x000008d0   Zero   RW         5922    .bss                tracker_utility.o
    0x20000ce8        -       0x00000578   Zero   RW         5962    .bss                wifi_scan.o
    0x20001260        -       0x00000178   Zero   RW         6075    .bss                gnss_scan.o
    0x200013d8        -       0x00000018   Zero   RW         6203    .bss                lr1110_modem_hal.o
    0x200013f0        -       0x00000040   Zero   RW         7391    .bss                smtc_hal_gpio.o
    0x20001430        -       0x000000d8   Zero   RW         7644    .bss                smtc_hal_mcu.o
    0x20001508        -       0x00000068   Zero   RW         7929    .bss                smtc_hal_rtc.o
    0x20001570        -       0x00000038   Zero   RW         8146    .bss                smtc_hal_tmr.o
    0x200015a8        -       0x0000002c   Zero   RW         8441    .bss                mc_w.l(localtime.o)
    0x200015d4   COMPRESSED   0x00000004   PAD
    0x200015d8        -       0x00000800   Zero   RW            1    STACK               startup_stm32l476xx.o


==============================================================================

Image component sizes


      Code (inc. data)   RO Data    RW Data    ZI Data      Debug   Object Name

        62          0          0          0          0       2487   external_supply.o
       724        172          0          2        376      10275   gnss_scan.o
       166          0          0          0          0       3092   leds.o
      1420         56          0         20         12      31412   lis2de12.o
       468         30          0          1          0      18618   lr1110-modem-board.o
       698         18          0          4          0       3352   lr1110.o
       464         12          0          0          0      10197   lr1110_modem_gnss.o
       892         18          0          1         24       8520   lr1110_modem_hal.o
      1560          0          0          0          0      29992   lr1110_modem_lorawan.o
       186          0          0          0          0       4050   lr1110_modem_system.o
       838         14          0          0          0      13068   lr1110_modem_wifi.o
      7260       3014        135         29         48     899931   main_tracker.o
       996         70         68          0         64      11677   smtc_hal_gpio.o
      1188         52         60        253          0       7323   smtc_hal_i2c.o
      1786        300         14          3        216      48562   smtc_hal_mcu.o
      1172        102         24          0        104      12359   smtc_hal_rtc.o
       848         34         40        224          0      12727   smtc_hal_spi.o
       180         32          0          8         56       2647   smtc_hal_tmr.o
       714         32          0          4          0       7844   smtc_hal_tmr_list.o
       928         54         60        409          0       6483   smtc_hal_uart.o
        36          8        392          0       2048        872   startup_stm32l476xx.o
       254         50          0         12          0       6401   stm32l4xx_hal.o
       360         22          0          0          0      36509   stm32l4xx_hal_cortex.o
        92          0          0          0          0       1247   stm32l4xx_hal_dma.o
         0          0          0          0          0       5156   stm32l4xx_hal_flash.o
       894         72          0          0          0       4812   stm32l4xx_hal_gpio.o
      1854         34          0          0          0      12623   stm32l4xx_hal_i2c.o
       210          0          0          0          0       2179   stm32l4xx_hal_i2c_ex.o
       940         18          0          0          0       8417   stm32l4xx_hal_lptim.o
       204         14          0          0          0       1956   stm32l4xx_hal_pwr.o
        80         16          0          0          0       1255   stm32l4xx_hal_pwr_ex.o
      2532        108          0          0          0       7660   stm32l4xx_hal_rcc.o
      1988         48          0          0          0       4196   stm32l4xx_hal_rcc_ex.o
      1874         40          0          0          0      10697   stm32l4xx_hal_rtc.o
       146          4          0          0          0       3122   stm32l4xx_hal_rtc_ex.o
       246          0          0          0          0       2124   stm32l4xx_hal_spi.o
      2514         56          0          0          0      11460   stm32l4xx_hal_uart.o
         2          0          0          0          0       1148   stm32l4xx_hal_uart_ex.o
        80         12         72          4          0       1505   system_stm32l4xx.o
       180         16          0          0       2256       1638   tracker_utility.o
        66          8          0          4          0       1332   utilities.o
      1320        184          0          1       1400      17671   wifi_scan.o

    ----------------------------------------------------------------------
     38498       4720        900        988       6604    1288596   Object Totals
         0          0         32          0          0          0   (incl. Generated)
        76          0          3          9          0          0   (incl. Padding)

    ----------------------------------------------------------------------

      Code (inc. data)   RO Data    RW Data    ZI Data      Debug   Library Member Name

        86          0          0          0          0          0   __dczerorl2.o
         0          0          0          0          0          0   entry.o
         0          0          0          0          0          0   entry10a.o
         0          0          0          0          0          0   entry11a.o
         4          0          0          0          0          0   entry12b.o
         8          4          0          0          0          0   entry2.o
         4          0          0          0          0          0   entry5.o
         0          0          0          0          0          0   entry7b.o
         0          0          0          0          0          0   entry8b.o
         8          4          0          0          0          0   entry9a.o
        30          0          0          0          0          0   handlers.o
        36          8          0          0          0         68   init.o
         0          0          0          0          0          0   iusefp.o
        30          0          0          0          0         68   llshl.o
        36          0          0          0          0         68   llsshr.o
        32          0          0          0          0         68   llushr.o
       148         10         12          0         44         76   localtime.o
        36          0          0          0          0         68   memcpya.o
        36          0          0          0          0        108   memseta.o
      2244         86          0          0          0        528   printfa.o
        14          0          0          0          0         68   strlen.o
        44          0          0          0          0         80   uidiv.o
       104          0          0          0          0         92   uldiv.o
        48          0          0          0          0         68   cdrcmple.o
       350          0          0          0          0        148   dadd.o
       222          0          0          0          0        100   ddiv.o
       186          0          0          0          0        176   depilogue.o
        50          0          0          0          0         76   dfixui.o
        48          0          0          0          0         68   dfixul.o
        34          0          0          0          0         76   dflti.o
        26          0          0          0          0         76   dfltui.o
       234          0          0          0          0         96   dmul.o

    ----------------------------------------------------------------------
      4106        112         12          0         48       2176   Library Totals
         8          0          0          0          4          0   (incl. Padding)

    ----------------------------------------------------------------------

      Code (inc. data)   RO Data    RW Data    ZI Data      Debug   Library Name

      2900        112         12          0         44       1292   mc_w.l
      1198          0          0          0          0        884   mf_w.l

    ----------------------------------------------------------------------
      4106        112         12          0         48       2176   Library Totals

    ----------------------------------------------------------------------

==============================================================================


      Code (inc. data)   RO Data    RW Data    ZI Data      Debug   

     42604       4832        912        988       6652    1255712   Grand Totals
     42604       4832        912         88       6652    1255712   ELF Image Totals (compressed)
     42604       4832        912         88          0          0   ROM Totals

==============================================================================

    Total RO  Size (Code + RO Data)                43516 (  42.50kB)
    Total RW  Size (RW Data + ZI Data)              7640 (   7.46kB)
    Total ROM Size (Code + RO Data + RW Data)      43604 (  42.58kB)

==============================================================================

