<html>
<body>
<pre>
<h1>µVision Build Log</h1>
<h2>Tool Versions:</h2>
IDE-Version: µVision V5.34.0.0
Copyright (C) 2021 ARM Ltd and ARM Germany GmbH. All rights reserved.
License Information: Orkhan Amiraslan, MSA, LIC=JDAR9-NE04W-YGMH7-XS4PW-8KHDN-E5BA0
 
Tool Versions:
Toolchain:       MDK-ARM Professional  Version: 5.34.0.0
Toolchain Path:  C:\Keil_v5\ARM\ARMCC\Bin
C Compiler:      Armcc.exe V5.06 update 7 (build 960)
Assembler:       Armasm.exe V5.06 update 7 (build 960)
Linker/Locator:  ArmLink.exe V5.06 update 7 (build 960)
Library Manager: ArmAr.exe V5.06 update 7 (build 960)
Hex Converter:   FromElf.exe V5.06 update 7 (build 960)
CPU DLL:         SARMCM3.DLL V5.34.0.0
Dialog DLL:      DCM.DLL V1.17.3.0
Target DLL:      UL2CM3.DLL V1.163.9.0
Dialog DLL:      TCM.DLL V1.48.0.0
 
<h2>Project:</h2>
C:\Users\Admin\Documents\GitHub\LR1110\lr1110_modem_application_example\MDK-ARM\lr1110_modem_application_example.uvprojx
Project File Date:  04/25/2021

<h2>Output:</h2>
*** Using Compiler 'V5.06 update 7 (build 960)', folder: 'C:\Keil_v5\ARM\ARMCC\Bin'
Rebuild target 'lr1110_modem_tracker_EU868'
assembling startup_stm32l476xx.s...
compiling stm32l4xx_hal_i2c_ex.c...
compiling main_tracker.c...
compiling stm32l4xx_hal_i2c.c...
compiling stm32l4xx_hal_lptim.c...
compiling stm32l4xx_hal_spi.c...
compiling stm32l4xx_hal_spi_ex.c...
compiling stm32l4xx_hal_tim_ex.c...
compiling stm32l4xx_hal_uart.c...
compiling stm32l4xx_hal_tim.c...
compiling stm32l4xx_hal_uart_ex.c...
compiling stm32l4xx_hal.c...
compiling stm32l4xx_hal_rcc.c...
compiling stm32l4xx_hal_flash.c...
compiling stm32l4xx_hal_rcc_ex.c...
compiling stm32l4xx_hal_flash_ex.c...
compiling stm32l4xx_hal_flash_ramfunc.c...
compiling stm32l4xx_hal_gpio.c...
compiling stm32l4xx_hal_dma.c...
compiling stm32l4xx_hal_dma_ex.c...
compiling stm32l4xx_hal_pwr.c...
compiling stm32l4xx_hal_pwr_ex.c...
compiling stm32l4xx_ll_rtc.c...
compiling stm32l4xx_hal_cortex.c...
compiling stm32l4xx_ll_spi.c...
compiling stm32l4xx_hal_rng.c...
compiling stm32l4xx_hal_rtc.c...
compiling stm32l4xx_hal_rtc_ex.c...
compiling system_stm32l4xx.c...
compiling leds.c...
compiling lis2de12.c...
compiling external_supply.c...
compiling tracker_utility.c...
compiling wifi_scan.c...
compiling gnss_scan.c...
compiling lr1110_bootloader.c...
compiling lr1110_modem_gnss.c...
compiling lr1110.c...
compiling lr1110_modem_system.c...
compiling lr1110_modem_hal.c...
compiling lr1110_modem_lorawan.c...
compiling lr1110_modem_wifi.c...
compiling utilities.c...
compiling lr1110-modem-board.c...
compiling smtc_hal_gpio.c...
compiling smtc_hal_i2c.c...
compiling smtc_hal_rng.c...
compiling smtc_hal_mcu.c...
compiling smtc_hal_rtc.c...
compiling smtc_hal_spi.c...
..\Src\smtc_hal\smtc_hal_spi.c(67): warning:  #2803-D: unrecognized GCC pragma
  #pragma GCC diagnostic ignored "-Wmissing-braces"
..\Src\smtc_hal\smtc_hal_spi.c: 1 warning, 0 errors
compiling smtc_hal_tmr.c...
compiling smtc_hal_uart.c...
compiling smtc_hal_watchdog.c...
compiling smtc_hal_tmr_list.c...
linking...
Program Size: Code=42604 RO-data=912 RW-data=988 ZI-data=6652  
FromELF: creating hex file...
After Build - User command #1: C:\Keil_v5\\ARM\ARMCC\bin\fromelf.exe --bin --output=lr1110_modem_application_examples.bin lr1110_modem_application_examples\lr1110_modem_application_examples.axf
"lr1110_modem_application_examples\lr1110_modem_application_examples.axf" - 0 Error(s), 1 Warning(s).

<h2>Software Packages used:</h2>

Package Vendor: ARM
                http://www.keil.com/pack/ARM.CMSIS.5.7.0.pack
                ARM.CMSIS.5.7.0
                CMSIS (Cortex Microcontroller Software Interface Standard)
   * Component: CORE Version: 5.4.0

Package Vendor: Keil
                http://www.keil.com/pack/Keil.STM32L4xx_DFP.2.5.0.pack
                Keil.STM32L4xx_DFP.2.5.0
                STMicroelectronics STM32L4 Series Device Support, Drivers and Examples

<h2>Collection of Component include folders:</h2>
  .\RTE\_lr1110_modem_tracker_EU868
  C:\Users\Admin\AppData\Local\Arm\Packs\ARM\CMSIS\5.7.0\CMSIS\Core\Include
  C:\Users\Admin\AppData\Local\Arm\Packs\Keil\STM32L4xx_DFP\2.5.0\Drivers\CMSIS\Device\ST\STM32L4xx\Include

<h2>Collection of Component Files used:</h2>

   * Component: ARM::CMSIS:CORE:5.4.0
Build Time Elapsed:  00:00:13
</pre>
</body>
</html>
